Component: ARM Compiler 5.06 update 4 (build 422) Tool: armlink [4d35d2]

==============================================================================

Section Cross References

    main.o(i.AppScheduled) refers to app_gpio.o(i.App_GPIO) for App_GPIO
    main.o(i.AppScheduled) refers to app_uart.o(i.App_UART) for App_UART
    main.o(i.AppScheduled) refers to driver_timer.o(.data) for Timer_TimeBaseFlag
    main.o(i.SystemClock_Config) refers to stm32f4xx_hal_rcc.o(i.HAL_RCC_OscConfig) for HAL_RCC_OscConfig
    main.o(i.SystemClock_Config) refers to stm32f4xx_hal_rcc.o(i.HAL_RCC_ClockConfig) for HAL_RCC_ClockConfig
    main.o(i.SystemClock_Config) refers to stm32f4xx_hal_iwdg.o(i.HAL_IWDG_Init) for HAL_IWDG_Init
    main.o(i.SystemClock_Config) refers to driver_wdog.o(.bss) for IwdgHandle
    main.o(i.main) refers to stm32f4xx_hal.o(i.HAL_Init) for HAL_Init
    main.o(i.main) refers to main.o(i.SystemClock_Config) for SystemClock_Config
    main.o(i.main) refers to driver_gpio.o(i.GPIO_Init) for GPIO_Init
    main.o(i.main) refers to driver_timer.o(i.Timer_Init) for Timer_Init
    main.o(i.main) refers to driver_uart.o(i.UART_Init) for UART_Init
    main.o(i.main) refers to gm_malloc.o(i.GM_initialize_memory) for GM_initialize_memory
    main.o(i.main) refers to stm32f4xx_hal_iwdg.o(i.HAL_IWDG_Refresh) for HAL_IWDG_Refresh
    main.o(i.main) refers to main.o(i.AppScheduled) for AppScheduled
    main.o(i.main) refers to driver_wdog.o(.bss) for IwdgHandle
    stm32f4xx_it.o(i.CAN1_RX0_IRQHandler) refers to stm32f4xx_hal_can.o(i.HAL_CAN_IRQHandler) for HAL_CAN_IRQHandler
    stm32f4xx_it.o(i.CAN1_RX0_IRQHandler) refers to driver_can.o(.bss) for CanHandle
    stm32f4xx_it.o(i.EXTI0_IRQHandler) refers to stm32f4xx_hal_gpio.o(i.HAL_GPIO_EXTI_IRQHandler) for HAL_GPIO_EXTI_IRQHandler
    stm32f4xx_it.o(i.EXTI15_10_IRQHandler) refers to stm32f4xx_hal_gpio.o(i.HAL_GPIO_EXTI_IRQHandler) for HAL_GPIO_EXTI_IRQHandler
    stm32f4xx_it.o(i.EXTI2_IRQHandler) refers to stm32f4xx_hal_gpio.o(i.HAL_GPIO_EXTI_IRQHandler) for HAL_GPIO_EXTI_IRQHandler
    stm32f4xx_it.o(i.EXTI3_IRQHandler) refers to stm32f4xx_hal_gpio.o(i.HAL_GPIO_EXTI_IRQHandler) for HAL_GPIO_EXTI_IRQHandler
    stm32f4xx_it.o(i.EXTI4_IRQHandler) refers to stm32f4xx_hal_gpio.o(i.HAL_GPIO_EXTI_IRQHandler) for HAL_GPIO_EXTI_IRQHandler
    stm32f4xx_it.o(i.EXTI9_5_IRQHandler) refers to stm32f4xx_hal_gpio.o(i.HAL_GPIO_EXTI_IRQHandler) for HAL_GPIO_EXTI_IRQHandler
    stm32f4xx_it.o(i.HAL_CAN_RxFifo0MsgPendingCallback) refers to stm32f4xx_hal_can.o(i.HAL_CAN_GetRxMessage) for HAL_CAN_GetRxMessage
    stm32f4xx_it.o(i.HAL_CAN_RxFifo0MsgPendingCallback) refers to stm32f4xx_hal_can.o(i.HAL_CAN_ActivateNotification) for HAL_CAN_ActivateNotification
    stm32f4xx_it.o(i.HAL_CAN_RxFifo0MsgPendingCallback) refers to memcpya.o(.text) for __aeabi_memcpy4
    stm32f4xx_it.o(i.HAL_CAN_RxFifo0MsgPendingCallback) refers to app_can.o(i.CAN_Rx_Msg) for CAN_Rx_Msg
    stm32f4xx_it.o(i.HAL_CAN_RxFifo0MsgPendingCallback) refers to states.o(i.canDispatch) for canDispatch
    stm32f4xx_it.o(i.HAL_CAN_RxFifo0MsgPendingCallback) refers to app_can.o(.bss) for packet
    stm32f4xx_it.o(i.HAL_CAN_RxFifo0MsgPendingCallback) refers to app_can.o(.data) for u8CanReceiveFlag
    stm32f4xx_it.o(i.HAL_CAN_RxFifo0MsgPendingCallback) refers to myslave.o(.data) for MySlave_Data
    stm32f4xx_it.o(i.HAL_TIM_PeriodElapsedCallback) refers to driver_timer.o(.data) for Timer_TimeBaseFlag
    stm32f4xx_it.o(i.HAL_TIM_PeriodElapsedCallback) refers to driver_timer.o(.bss) for Timer_TimeBaseCount
    stm32f4xx_it.o(i.HAL_TIM_PeriodElapsedCallback) refers to app_can.o(.data) for Timer_CanTransmitFlag
    stm32f4xx_it.o(i.HAL_UART_RxCpltCallback) refers to stm32f4xx_hal_uart.o(i.HAL_UART_Receive_IT) for HAL_UART_Receive_IT
    stm32f4xx_it.o(i.HAL_UART_RxCpltCallback) refers to app_uart.o(.data) for RxMessage
    stm32f4xx_it.o(i.Interrupt_Init) refers to stm32f4xx_hal_gpio.o(i.HAL_GPIO_Init) for HAL_GPIO_Init
    stm32f4xx_it.o(i.Interrupt_Init) refers to stm32f4xx_hal_cortex.o(i.HAL_NVIC_SetPriority) for HAL_NVIC_SetPriority
    stm32f4xx_it.o(i.Interrupt_Init) refers to stm32f4xx_hal_cortex.o(i.HAL_NVIC_EnableIRQ) for HAL_NVIC_EnableIRQ
    stm32f4xx_it.o(i.SysTick_Handler) refers to stm32f4xx_hal.o(i.HAL_IncTick) for HAL_IncTick
    stm32f4xx_it.o(i.TIM3_IRQHandler) refers to stm32f4xx_hal_tim.o(i.HAL_TIM_IRQHandler) for HAL_TIM_IRQHandler
    stm32f4xx_it.o(i.TIM3_IRQHandler) refers to driver_timer.o(.bss) for TimHandle
    stm32f4xx_it.o(i.USART1_IRQHandler) refers to stm32f4xx_hal_uart.o(i.HAL_UART_IRQHandler) for HAL_UART_IRQHandler
    stm32f4xx_it.o(i.USART1_IRQHandler) refers to driver_uart.o(.bss) for UartHandle
    app_can.o(i.App_CAN) refers to app_can.o(.data) for .data
    app_can.o(i.CAN_Tx_Msg) refers to stm32f4xx_hal_can.o(i.HAL_CAN_GetTxMailboxesFreeLevel) for HAL_CAN_GetTxMailboxesFreeLevel
[...]
    HAL_IncTick                              0x08000f79   Thumb Code    12  stm32f4xx_hal.o(i.HAL_IncTick)
    HAL_Init                                 0x08000f89   Thumb Code    48  stm32f4xx_hal.o(i.HAL_Init)
    HAL_InitTick                             0x08000fbd   Thumb Code    54  stm32f4xx_hal.o(i.HAL_InitTick)
    HAL_MspInit                              0x08000ffd   Thumb Code     2  stm32f4xx_hal.o(i.HAL_MspInit)
    HAL_NVIC_EnableIRQ                       0x08000fff   Thumb Code    26  stm32f4xx_hal_cortex.o(i.HAL_NVIC_EnableIRQ)
    HAL_NVIC_SetPriority                     0x08001019   Thumb Code    60  stm32f4xx_hal_cortex.o(i.HAL_NVIC_SetPriority)
    HAL_NVIC_SetPriorityGrouping             0x08001059   Thumb Code    26  stm32f4xx_hal_cortex.o(i.HAL_NVIC_SetPriorityGrouping)
    HAL_RCC_ClockConfig                      0x0800107d   Thumb Code   288  stm32f4xx_hal_rcc.o(i.HAL_RCC_ClockConfig)
    HAL_RCC_GetPCLK1Freq                     0x080011b1   Thumb Code    20  stm32f4xx_hal_rcc.o(i.HAL_RCC_GetPCLK1Freq)
    HAL_RCC_GetPCLK2Freq                     0x080011d1   Thumb Code    20  stm32f4xx_hal_rcc.o(i.HAL_RCC_GetPCLK2Freq)
    HAL_RCC_GetSysClockFreq                  0x080011f1   Thumb Code    88  stm32f4xx_hal_rcc.o(i.HAL_RCC_GetSysClockFreq)
    HAL_RCC_OscConfig                        0x08001255   Thumb Code   856  stm32f4xx_hal_rcc.o(i.HAL_RCC_OscConfig)
    HAL_SYSTICK_Config                       0x080015c1   Thumb Code    40  stm32f4xx_hal_cortex.o(i.HAL_SYSTICK_Config)
    HAL_TIMEx_BreakCallback                  0x080015e9   Thumb Code     2  stm32f4xx_hal_tim_ex.o(i.HAL_TIMEx_BreakCallback)
    HAL_TIMEx_CommutCallback                 0x080015eb   Thumb Code     2  stm32f4xx_hal_tim_ex.o(i.HAL_TIMEx_CommutCallback)
    HAL_TIM_Base_Init                        0x080015ed   Thumb Code    90  stm32f4xx_hal_tim.o(i.HAL_TIM_Base_Init)
    HAL_TIM_Base_MspInit                     0x08001649   Thumb Code    40  driver_timer.o(i.HAL_TIM_Base_MspInit)
    HAL_TIM_Base_Start_IT                    0x08001675   Thumb Code   100  stm32f4xx_hal_tim.o(i.HAL_TIM_Base_Start_IT)
    HAL_TIM_IC_CaptureCallback               0x080016f5   Thumb Code     2  stm32f4xx_hal_tim.o(i.HAL_TIM_IC_CaptureCallback)
    HAL_TIM_IRQHandler                       0x080016f7   Thumb Code   358  stm32f4xx_hal_tim.o(i.HAL_TIM_IRQHandler)
    HAL_TIM_OC_DelayElapsedCallback          0x0800185d   Thumb Code     2  stm32f4xx_hal_tim.o(i.HAL_TIM_OC_DelayElapsedCallback)
    HAL_TIM_PWM_PulseFinishedCallback        0x0800185f   Thumb Code     2  stm32f4xx_hal_tim.o(i.HAL_TIM_PWM_PulseFinishedCallback)
    HAL_TIM_PeriodElapsedCallback            0x08001861   Thumb Code    84  stm32f4xx_it.o(i.HAL_TIM_PeriodElapsedCallback)
    HAL_TIM_TriggerCallback                  0x080018c1   Thumb Code     2  stm32f4xx_hal_tim.o(i.HAL_TIM_TriggerCallback)
    HAL_UARTEx_RxEventCallback               0x080018c3   Thumb Code     2  stm32f4xx_hal_uart.o(i.HAL_UARTEx_RxEventCallback)
    HAL_UART_ErrorCallback                   0x080018c5   Thumb Code     2  stm32f4xx_it.o(i.HAL_UART_ErrorCallback)
    HAL_UART_IRQHandler                      0x080018c9   Thumb Code   522  stm32f4xx_hal_uart.o(i.HAL_UART_IRQHandler)
    HAL_UART_Init                            0x08001ad9   Thumb Code    98  stm32f4xx_hal_uart.o(i.HAL_UART_Init)
    HAL_UART_MspInit                         0x08001b3d   Thumb Code    70  driver_uart.o(i.HAL_UART_MspInit)
    HAL_UART_Receive_IT                      0x08001b8d   Thumb Code    42  stm32f4xx_hal_uart.o(i.HAL_UART_Receive_IT)
    HAL_UART_RxCpltCallback                  0x08001bb9   Thumb Code    26  stm32f4xx_it.o(i.HAL_UART_RxCpltCallback)
    HAL_UART_Transmit                        0x08001bdd   Thumb Code   178  stm32f4xx_hal_uart.o(i.HAL_UART_Transmit)
    HAL_UART_TxCpltCallback                  0x08001c8f   Thumb Code     2  stm32f4xx_it.o(i.HAL_UART_TxCpltCallback)
    HardFault_Handler                        0x08001c91   Thumb Code     2  stm32f4xx_it.o(i.HardFault_Handler)
    MemManage_Handler                        0x08001c93   Thumb Code     2  stm32f4xx_it.o(i.MemManage_Handler)
    MySlave_scanIndexOD                      0x08001c95   Thumb Code   648  myslave.o(i.MySlave_scanIndexOD)
    MySlave_valueRangeTest                   0x08001f25   Thumb Code    46  myslave.o(i.MySlave_valueRangeTest)
    NMI_Handler                              0x08001f59   Thumb Code     2  stm32f4xx_it.o(i.NMI_Handler)
    OnCOB_ID_SyncUpdate                      0x08001f5b   Thumb Code    10  sync.o(i.OnCOB_ID_SyncUpdate)
    OnHeartbeatProducerUpdate                0x08001f65   Thumb Code    46  lifegrd.o(i.OnHeartbeatProducerUpdate)
    OnNodeGuardUpdate                        0x08001f99   Thumb Code    18  lifegrd.o(i.OnNodeGuardUpdate)
    OnNumberOfErrorsUpdate                   0x08001fad   Thumb Code    40  emcy.o(i.OnNumberOfErrorsUpdate)
    PDOEventTimerAlarm                       0x08001fd5   Thumb Code    40  pdo.o(i.PDOEventTimerAlarm)
    PDOInhibitTimerAlarm                     0x08001ffd   Thumb Code    42  pdo.o(i.PDOInhibitTimerAlarm)
    PDOInit                                  0x08002029   Thumb Code    84  pdo.o(i.PDOInit)
    PDOStop                                  0x08002081   Thumb Code   104  pdo.o(i.PDOStop)
    PDS_soc_receive_ethernet_packet          0x080020e9   Thumb Code    80  pds_socethernet.o(i.PDS_soc_receive_ethernet_packet)
    PendSV_Handler                           0x08002141   Thumb Code     2  stm32f4xx_it.o(i.PendSV_Handler)
    ProducerHeartbeatAlarm                   0x08002143   Thumb Code    68  lifegrd.o(i.ProducerHeartbeatAlarm)
    RegisterSetODentryCallBack               0x08002187   Thumb Code    38  objacces.o(i.RegisterSetODentryCallBack)
    SDOTimeoutAlarm                          0x080021ad   Thumb Code   124  sdo.o(i.SDOTimeoutAlarm)
    SDOlineToObjdict                         0x0800222d   Thumb Code    52  sdo.o(i.SDOlineToObjdict)
    SDOtoLine                                0x08002261   Thumb Code    58  sdo.o(i.SDOtoLine)
    SVC_Handler                              0x0800229b   Thumb Code     2  stm32f4xx_it.o(i.SVC_Handler)
    SetAlarm                                 0x0800229d   Thumb Code   134  timer.o(i.SetAlarm)
    SyncAlarm                                0x0800232d   Thumb Code     4  sync.o(i.SyncAlarm)
    SysTick_Handler                          0x08002331   Thumb Code     4  stm32f4xx_it.o(i.SysTick_Handler)
    SystemInit                               0x080024a1   Thumb Code    12  system_stm32f4xx.o(i.SystemInit)
    TIM3_IRQHandler                          0x080024b1   Thumb Code     6  stm32f4xx_it.o(i.TIM3_IRQHandler)
    TIM_Base_SetConfig                       0x080024bd   Thumb Code   156  stm32f4xx_hal_tim.o(i.TIM_Base_SetConfig)
    TPDO_Communication_Parameter_Callback    0x08002585   Thumb Code   102  pdo.o(i.TPDO_Communication_Parameter_Callback)
    Task_FaultMessage                        0x080025ed   Thumb Code    48  app_uart.o(i.Task_FaultMessage)
    Task_PowerMessage                        0x08002629   Thumb Code    38  app_uart.o(i.Task_PowerMessage)
    Timer_Init                               0x08002659   Thumb Code    70  driver_timer.o(i.Timer_Init)
    UART_Init                                0x080026f1   Thumb Code    72  driver_uart.o(i.UART_Init)
    UART_Start_Receive_IT                    0x08002901   Thumb Code    54  stm32f4xx_hal_uart.o(i.UART_Start_Receive_IT)
    USART1_IRQHandler                        0x0800299d   Thumb Code     6  stm32f4xx_it.o(i.USART1_IRQHandler)
    UsageFault_Handler                       0x080029a9   Thumb Code     2  stm32f4xx_it.o(i.UsageFault_Handler)
    _RxPDO_EventTimers_Handler               0x080029ab   Thumb Code     2  pdo.o(i._RxPDO_EventTimers_Handler)
    __0printf$3                              0x080029ad   Thumb Code    22  printf3.o(i.__0printf$3)
    __1printf$3                              0x080029ad   Thumb Code     0  printf3.o(i.__0printf$3)
    __2printf                                0x080029ad   Thumb Code     0  printf3.o(i.__0printf$3)
    __scatterload_copy                       0x080029ed   Thumb Code    14  handlers.o(i.__scatterload_copy)
    __scatterload_null                       0x080029fb   Thumb Code     2  handlers.o(i.__scatterload_null)
    __scatterload_zeroinit                   0x080029fd   Thumb Code    14  handlers.o(i.__scatterload_zeroinit)
    _getODentry                              0x08002a0d   Thumb Code   164  objacces.o(i._getODentry)
    _heartbeatError                          0x08002abd   Thumb Code     2  lifegrd.o(i._heartbeatError)
    _initialisation                          0x08002abf   Thumb Code     2  states.o(i._initialisation)
    _nodeguardError                          0x08002ac1   Thumb Code     2  lifegrd.o(i._nodeguardError)
    _operational                             0x08002ac3   Thumb Code     2  states.o(i._operational)
    _post_SlaveBootup                        0x08002ac5   Thumb Code     2  lifegrd.o(i._post_SlaveBootup)
    _post_SlaveStateChange                   0x08002ac7   Thumb Code     2  lifegrd.o(i._post_SlaveStateChange)
    _post_TPDO                               0x08002ac9   Thumb Code     2  sync.o(i._post_TPDO)
    _post_emcy                               0x08002acb   Thumb Code     2  emcy.o(i._post_emcy)
    _post_sync                               0x08002acd   Thumb Code     2  sync.o(i._post_sync)
    _preOperational                          0x08002acf   Thumb Code    16  states.o(i._preOperational)
    _sendPDOevent                            0x08002c99   Thumb Code   284  pdo.o(i._sendPDOevent)
    _setODentry                              0x08002db5   Thumb Code   222  objacces.o(i._setODentry)
    _stopped                                 0x08002ea1   Thumb Code     2  states.o(i._stopped)
    _storeODSubIndex                         0x08002ea3   Thumb Code     4  objacces.o(i._storeODSubIndex)
    buildPDO                                 0x08002ea7   Thumb Code   212  pdo.o(i.buildPDO)
    canDispatch                              0x08002f7b   Thumb Code   122  states.o(i.canDispatch)
    canSend                                  0x08002ff5   Thumb Code    32  stm32_canfestival.o(i.canSend)
    emergencyInit                            0x08003019   Thumb Code    26  emcy.o(i.emergencyInit)
    emergencyStop                            0x08003039   Thumb Code     2  emcy.o(i.emergencyStop)
    ethernetif_input                         0x0800303d   Thumb Code   116  ethernetif.o(i.ethernetif_input)
    failedSDO                                0x080030b5   Thumb Code   152  sdo.o(i.failedSDO)
    fputc                                    0x0800314d   Thumb Code    18  fputc.o(i.fputc)
    getElapsedTime                           0x08003161   Thumb Code    18  stm32_canfestival.o(i.getElapsedTime)
    getNodeId                                0x08003179   Thumb Code     6  states.o(i.getNodeId)
    getSDOfreeLine                           0x0800317f   Thumb Code    56  sdo.o(i.getSDOfreeLine)
    getSDOlineOnUse                          0x080031b7   Thumb Code    62  sdo.o(i.getSDOlineOnUse)
    getSDOlineRestBytes                      0x080031f5   Thumb Code    26  sdo.o(i.getSDOlineRestBytes)
    heartbeatInit                            0x08003211   Thumb Code   104  lifegrd.o(i.heartbeatInit)
    heartbeatStop                            0x08003285   Thumb Code    54  lifegrd.o(i.heartbeatStop)
    initSDOline                              0x080032bd   Thumb Code   134  sdo.o(i.initSDOline)
    lifeGuardInit                            0x08003349   Thumb Code    18  lifegrd.o(i.lifeGuardInit)
    lifeGuardStop                            0x0800335b   Thumb Code    18  lifegrd.o(i.lifeGuardStop)
    lineToSDO                                0x0800336d   Thumb Code    64  sdo.o(i.lineToSDO)
    lwip_packet_handler                      0x080033ad   Thumb Code     6  lwip_comm.o(i.lwip_packet_handler)
    main                                     0x080033b9   Thumb Code    36  main.o(i.main)
    masterSendNMTnodeguard                   0x080033e1   Thumb Code    34  nmtmaster.o(i.masterSendNMTnodeguard)
    masterSendNMTstateChange                 0x08003403   Thumb Code    38  nmtmaster.o(i.masterSendNMTstateChange)
    mem_free                                 0x08003429   Thumb Code   110  mem.o(i.mem_free)
    mem_malloc                               0x0800353d   Thumb Code   256  mem.o(i.mem_malloc)
    memp_free                                0x0800379d   Thumb Code    40  memp.o(i.memp_free)
    memp_malloc                              0x08003839   Thumb Code    62  memp.o(i.memp_malloc)
    nodeguardInit                            0x08003911   Thumb Code   106  lifegrd.o(i.nodeguardInit)
    nodeguardStop                            0x08003985   Thumb Code    18  lifegrd.o(i.nodeguardStop)
    objdictToSDOline                         0x08003997   Thumb Code    64  sdo.o(i.objdictToSDOline)
    pbuf_alloc                               0x080039d9   Thumb Code   456  pbuf.o(i.pbuf_alloc)
    pbuf_free                                0x08003d31   Thumb Code   170  pbuf.o(i.pbuf_free)
    proceedEMCY                              0x08003ff9   Thumb Code    36  emcy.o(i.proceedEMCY)
    proceedNMTstateChange                    0x0800401d   Thumb Code   150  nmtslave.o(i.proceedNMTstateChange)
    proceedNODE_GUARD                        0x080040b5   Thumb Code   238  lifegrd.o(i.proceedNODE_GUARD)
    proceedPDO                               0x080041a9   Thumb Code   544  pdo.o(i.proceedPDO)
    proceedSDO                               0x080043c9   Thumb Code  5302  sdo.o(i.proceedSDO)
    proceedSYNC                              0x08005885   Thumb Code    40  sync.o(i.proceedSYNC)
    resetSDO                                 0x080058ad   Thumb Code    24  sdo.o(i.resetSDO)
    resetSDOline                             0x080058c5   Thumb Code    54  sdo.o(i.resetSDOline)
    sendOnePDOevent                          0x080058fd   Thumb Code   264  pdo.o(i.sendOnePDOevent)
    sendSDO                                  0x08005a35   Thumb Code   120  sdo.o(i.sendSDO)
    sendSDOabort                             0x08005aad   Thumb Code    56  sdo.o(i.sendSDOabort)
    sendSYNC                                 0x08005ae5   Thumb Code    20  sync.o(i.sendSYNC)
    sendSYNCMessage                          0x08005af9   Thumb Code    34  sync.o(i.sendSYNCMessage)
    setNodeId                                0x08005b1d   Thumb Code   328  states.o(i.setNodeId)
    setSDOlineRestBytes                      0x08005c69   Thumb Code    26  sdo.o(i.setSDOlineRestBytes)
    setState                                 0x08005c85   Thumb Code   160  states.o(i.setState)
    setTimer                                 0x08005d29   Thumb Code    20  stm32_canfestival.o(i.setTimer)
    slaveSendBootUp                          0x08005d41   Thumb Code    42  nmtslave.o(i.slaveSendBootUp)
    startSYNC                                0x08005d6d   Thumb Code    84  sync.o(i.startSYNC)
    stopSYNC                                 0x08005dc9   Thumb Code    44  sync.o(i.stopSYNC)
    switchCommunicationState                 0x08005df5   Thumb Code   234  states.o(i.switchCommunicationState)
    AHBPrescTable                            0x08005ede   Data          16  system_stm32f4xx.o(.constdata)
    APBPrescTable                            0x08005eee   Data           8  system_stm32f4xx.o(.constdata)
    MySlave_iam_a_slave                      0x08005f38   Data           1  myslave.o(.constdata)
    MySlave_Index1200                        0x08005f3c   Data          64  myslave.o(.constdata)
    MySlave_objdict                          0x08005f7c   Data         416  myslave.o(.constdata)
    MySlave_firstIndex                       0x0800611c   Data          12  myslave.o(.constdata)
    MySlave_lastIndex                        0x08006128   Data          12  myslave.o(.constdata)
    MySlave_ObjdictSize                      0x08006134   Data           2  myslave.o(.constdata)
    mem_table_size                           0x08006138   Data           8  gm_malloc.o(.constdata)
    mem_block_size                           0x08006140   Data           8  gm_malloc.o(.constdata)
    mem_total_size                           0x08006148   Data           8  gm_malloc.o(.constdata)
    Region$$Table$$Base                      0x08006150   Number         0  anon$$obj.o(Region$$Table)
    Region$$Table$$Limit                     0x08006170   Number         0  anon$$obj.o(Region$$Table)
    inte_ccm_mem_base                        0x10000000   Data       61440  gm_malloc.o(.ARM.__AT_0x10000000)
    inte_ccm_mem_map_base                    0x1000f000   Data        3840  gm_malloc.o(.ARM.__AT_0x1000F000)
    Timer_CanTransmitFlag                    0x20000000   Data           3  app_can.o(.data)
    TxMailbox                                0x20000004   Data           4  app_can.o(.data)
    u8CanReceiveFlag                         0x20000008   Data           1  app_can.o(.data)
    u8IsUpsMpde                              0x2000000a   Data           1  app_gpio.o(.data)
    u8StatusLed                              0x2000000d   Data           1  app_gpio.o(.data)
    array                                    0x20000014   Data          10  app_gpio.o(.data)
    u8ReveiveValid                           0x20000020   Data           1  app_uart.o(.data)
    u16PollTime                              0x20000022   Data           2  app_uart.o(.data)
    p                                        0x20000024   Data           4  app_uart.o(.data)
    TxMessage                                0x20000028   Data           8  app_uart.o(.data)
    RxMessage                                0x20000030   Data           8  app_uart.o(.data)
    uwPrescalerValue                         0x20000038   Data           4  driver_timer.o(.data)
    Timer_TimeBaseFlag                       0x2000003c   Data           8  driver_timer.o(.data)
    uwTickFreq                               0x20000044   Data           1  stm32f4xx_hal.o(.data)
    uwTickPrio                               0x20000048   Data           4  stm32f4xx_hal.o(.data)
    uwTick                                   0x2000004c   Data           4  stm32f4xx_hal.o(.data)
    SystemCoreClock                          0x20000050   Data           4  system_stm32f4xx.o(.data)
    last_timer_raw                           0x20000054   Data           2  timer.o(.data)
    total_sleep_time                         0x20000058   Data           4  timer.o(.data)
    TimeCNT                                  0x2000005c   Data           4  stm32_canfestival.o(.data)
    NextTime                                 0x20000060   Data           4  stm32_canfestival.o(.data)
    TIMER_MAX_COUNT                          0x20000064   Data           4  stm32_canfestival.o(.data)
    Reservice                                0x2000006c   Data           4  myslave.o(.data)
    MySlave_bDeviceNodeId                    0x20000070   Data           1  myslave.o(.data)
    MySlave_obj1000                          0x20000074   Data           4  myslave.o(.data)
    MySlave_Index1000                        0x20000078   Data          16  myslave.o(.data)
    MySlave_obj1001                          0x20000088   Data           1  myslave.o(.data)
    MySlave_Index1001                        0x2000008c   Data          16  myslave.o(.data)
    MySlave_highestSubIndex_obj1003          0x2000009c   Data           1  myslave.o(.data)
    MySlave_obj1003                          0x200000a0   Data           4  myslave.o(.data)
    MySlave_obj1005                          0x200000a4   Data           4  myslave.o(.data)
    MySlave_obj1006                          0x200000a8   Data           4  myslave.o(.data)
    MySlave_obj100C                          0x200000ac   Data           2  myslave.o(.data)
    MySlave_obj100D                          0x200000ae   Data           1  myslave.o(.data)
    MySlave_obj1014                          0x200000b0   Data           4  myslave.o(.data)
    MySlave_highestSubIndex_obj1016          0x200000b4   Data           1  myslave.o(.data)
    MySlave_obj1016                          0x200000b8   Data           4  myslave.o(.data)
    MySlave_obj1017                          0x200000bc   Data           2  myslave.o(.data)
    MySlave_Index1017                        0x200000c0   Data          16  myslave.o(.data)
    MySlave_highestSubIndex_obj1018          0x200000d0   Data           1  myslave.o(.data)
    MySlave_obj1018_Vendor_ID                0x200000d4   Data           4  myslave.o(.data)
    MySlave_obj1018_Product_Code             0x200000d8   Data           4  myslave.o(.data)
    MySlave_obj1018_Revision_Number          0x200000dc   Data           4  myslave.o(.data)
    MySlave_obj1018_Serial_Number            0x200000e0   Data           4  myslave.o(.data)
    MySlave_Index1018                        0x200000e4   Data          80  myslave.o(.data)
    MySlave_highestSubIndex_obj1200          0x20000134   Data           1  myslave.o(.data)
    MySlave_obj1200_COB_ID_Client_to_Server_Transmit_SDO 0x20000138   Data           4  myslave.o(.data)
    MySlave_obj1200_COB_ID_Server_to_Client_Receive_SDO 0x2000013c   Data           4  myslave.o(.data)
    MySlave_obj1200_Node_ID_of_the_SDO_Server 0x20000140   Data           1  myslave.o(.data)
    MySlave_highestSubIndex_obj1400          0x20000141   Data           1  myslave.o(.data)
    MySlave_obj1400_COB_ID_used_by_PDO       0x20000144   Data           4  myslave.o(.data)
    MySlave_obj1400_Transmission_Type        0x20000148   Data           1  myslave.o(.data)
    MySlave_obj1400_Inhibit_Time             0x2000014a   Data           2  myslave.o(.data)
    MySlave_obj1400_Compatibility_Entry      0x2000014c   Data           1  myslave.o(.data)
    MySlave_obj1400_Event_Timer              0x2000014e   Data           2  myslave.o(.data)
    MySlave_obj1400_SYNC_start_value         0x20000150   Data           1  myslave.o(.data)
    MySlave_Index1400                        0x20000154   Data         112  myslave.o(.data)
    MySlave_highestSubIndex_obj1401          0x200001c4   Data           1  myslave.o(.data)
    MySlave_obj1401_COB_ID_used_by_PDO       0x200001c8   Data           4  myslave.o(.data)
    MySlave_obj1401_Transmission_Type        0x200001cc   Data           1  myslave.o(.data)
    MySlave_obj1401_Inhibit_Time             0x200001ce   Data           2  myslave.o(.data)
    MySlave_obj1401_Compatibility_Entry      0x200001d0   Data           1  myslave.o(.data)
    MySlave_obj1401_Event_Timer              0x200001d2   Data           2  myslave.o(.data)
    MySlave_obj1401_SYNC_start_value         0x200001d4   Data           1  myslave.o(.data)
    MySlave_Index1401                        0x200001d8   Data         112  myslave.o(.data)
    MySlave_highestSubIndex_obj1402          0x20000248   Data           1  myslave.o(.data)
    MySlave_obj1402_COB_ID_used_by_PDO       0x2000024c   Data           4  myslave.o(.data)
    MySlave_obj1402_Transmission_Type        0x20000250   Data           1  myslave.o(.data)
    MySlave_obj1402_Inhibit_Time             0x20000252   Data           2  myslave.o(.data)
    MySlave_obj1402_Compatibility_Entry      0x20000254   Data           1  myslave.o(.data)
    MySlave_obj1402_Event_Timer              0x20000256   Data           2  myslave.o(.data)
    MySlave_obj1402_SYNC_start_value         0x20000258   Data           1  myslave.o(.data)
    MySlave_Index1402                        0x2000025c   Data         112  myslave.o(.data)
    MySlave_highestSubIndex_obj1403          0x200002cc   Data           1  myslave.o(.data)
    MySlave_obj1403_COB_ID_used_by_PDO       0x200002d0   Data           4  myslave.o(.data)
    MySlave_obj1403_Transmission_Type        0x200002d4   Data           1  myslave.o(.data)
    MySlave_obj1403_Inhibit_Time             0x200002d6   Data           2  myslave.o(.data)
    MySlave_obj1403_Compatibility_Entry      0x200002d8   Data           1  myslave.o(.data)
    MySlave_obj1403_Event_Timer              0x200002da   Data           2  myslave.o(.data)
    MySlave_obj1403_SYNC_start_value         0x200002dc   Data           1  myslave.o(.data)
    MySlave_Index1403                        0x200002e0   Data         112  myslave.o(.data)
    MySlave_highestSubIndex_obj1600          0x20000350   Data           1  myslave.o(.data)
    MySlave_obj1600                          0x20000354   Data          16  myslave.o(.data)
    MySlave_Index1600                        0x20000364   Data          80  myslave.o(.data)
    MySlave_highestSubIndex_obj1601          0x200003b4   Data           1  myslave.o(.data)
    MySlave_obj1601                          0x200003b8   Data           4  myslave.o(.data)
    MySlave_Index1601                        0x200003bc   Data          32  myslave.o(.data)
    MySlave_highestSubIndex_obj1602          0x200003dc   Data           1  myslave.o(.data)
    MySlave_obj1602                          0x200003e0   Data           4  myslave.o(.data)
    MySlave_Index1602                        0x200003e4   Data          32  myslave.o(.data)
    MySlave_highestSubIndex_obj1603          0x20000404   Data           1  myslave.o(.data)
    MySlave_obj1603                          0x20000408   Data           4  myslave.o(.data)
    MySlave_Index1603                        0x2000040c   Data          32  myslave.o(.data)
    MySlave_highestSubIndex_obj1800          0x2000042c   Data           1  myslave.o(.data)
    MySlave_obj1800_COB_ID_used_by_PDO       0x20000430   Data           4  myslave.o(.data)
    MySlave_obj1800_Transmission_Type        0x20000434   Data           1  myslave.o(.data)
    MySlave_obj1800_Inhibit_Time             0x20000436   Data           2  myslave.o(.data)
    MySlave_obj1800_Compatibility_Entry      0x20000438   Data           1  myslave.o(.data)
    MySlave_obj1800_Event_Timer              0x2000043a   Data           2  myslave.o(.data)
    MySlave_obj1800_SYNC_start_value         0x2000043c   Data           1  myslave.o(.data)
    MySlave_Index1800                        0x20000440   Data         112  myslave.o(.data)
    MySlave_highestSubIndex_obj1801          0x200004b0   Data           1  myslave.o(.data)
    MySlave_obj1801_COB_ID_used_by_PDO       0x200004b4   Data           4  myslave.o(.data)
    MySlave_obj1801_Transmission_Type        0x200004b8   Data           1  myslave.o(.data)
    MySlave_obj1801_Inhibit_Time             0x200004ba   Data           2  myslave.o(.data)
    MySlave_obj1801_Compatibility_Entry      0x200004bc   Data           1  myslave.o(.data)
    MySlave_obj1801_Event_Timer              0x200004be   Data           2  myslave.o(.data)
    MySlave_obj1801_SYNC_start_value         0x200004c0   Data           1  myslave.o(.data)
    MySlave_Index1801                        0x200004c4   Data         112  myslave.o(.data)
    MySlave_highestSubIndex_obj1802          0x20000534   Data           1  myslave.o(.data)
    MySlave_obj1802_COB_ID_used_by_PDO       0x20000538   Data           4  myslave.o(.data)
    MySlave_obj1802_Transmission_Type        0x2000053c   Data           1  myslave.o(.data)
    MySlave_obj1802_Inhibit_Time             0x2000053e   Data           2  myslave.o(.data)
    MySlave_obj1802_Compatibility_Entry      0x20000540   Data           1  myslave.o(.data)
    MySlave_obj1802_Event_Timer              0x20000542   Data           2  myslave.o(.data)
    MySlave_obj1802_SYNC_start_value         0x20000544   Data           1  myslave.o(.data)
    MySlave_Index1802                        0x20000548   Data         112  myslave.o(.data)
    MySlave_highestSubIndex_obj1803          0x200005b8   Data           1  myslave.o(.data)
    MySlave_obj1803_COB_ID_used_by_PDO       0x200005bc   Data           4  myslave.o(.data)
    MySlave_obj1803_Transmission_Type        0x200005c0   Data           1  myslave.o(.data)
    MySlave_obj1803_Inhibit_Time             0x200005c2   Data           2  myslave.o(.data)
    MySlave_obj1803_Compatibility_Entry      0x200005c4   Data           1  myslave.o(.data)
    MySlave_obj1803_Event_Timer              0x200005c6   Data           2  myslave.o(.data)
    MySlave_obj1803_SYNC_start_value         0x200005c8   Data           1  myslave.o(.data)
    MySlave_Index1803                        0x200005cc   Data         112  myslave.o(.data)
    MySlave_highestSubIndex_obj1A00          0x2000063c   Data           1  myslave.o(.data)
    MySlave_obj1A00                          0x20000640   Data           8  myslave.o(.data)
    MySlave_Index1A00                        0x20000648   Data          48  myslave.o(.data)
    MySlave_highestSubIndex_obj1A01          0x20000678   Data           1  myslave.o(.data)
    MySlave_obj1A01                          0x2000067c   Data           8  myslave.o(.data)
    MySlave_Index1A01                        0x20000684   Data          48  myslave.o(.data)
    MySlave_highestSubIndex_obj1A02          0x200006b4   Data           1  myslave.o(.data)
    MySlave_obj1A02                          0x200006b8   Data           8  myslave.o(.data)
    MySlave_Index1A02                        0x200006c0   Data          48  myslave.o(.data)
    MySlave_highestSubIndex_obj1A03          0x200006f0   Data           1  myslave.o(.data)
    MySlave_obj1A03                          0x200006f4   Data           4  myslave.o(.data)
    MySlave_Index1A03                        0x200006f8   Data          32  myslave.o(.data)
    MySlave_highestSubIndex_obj6000          0x20000718   Data           1  myslave.o(.data)
    MySlave_Index6000                        0x2000071c   Data         112  myslave.o(.data)
    MySlave_highestSubIndex_obj6010          0x2000078c   Data           1  myslave.o(.data)
    MySlave_Index6010                        0x20000790   Data          80  myslave.o(.data)
    MySlave_highestSubIndex_obj6011          0x200007e0   Data           1  myslave.o(.data)
    MySlave_Index6011                        0x200007e4   Data          96  myslave.o(.data)
    MySlave_highestSubIndex_obj6012          0x20000844   Data           1  myslave.o(.data)
    MySlave_Index6012                        0x20000848   Data          96  myslave.o(.data)
    MySlave_highestSubIndex_obj6013          0x200008a8   Data           1  myslave.o(.data)
    MySlave_Index6013                        0x200008ac   Data         272  myslave.o(.data)
    MySlave_highestSubIndex_obj6014          0x200009bc   Data           1  myslave.o(.data)
    MySlave_Index6014                        0x200009c0   Data         272  myslave.o(.data)
    MySlave_Index6021                        0x20000ad0   Data          16  myslave.o(.data)
    MySlave_Index6022                        0x20000ae0   Data          16  myslave.o(.data)
    MySlave_Index6025                        0x20000af0   Data          16  myslave.o(.data)
    MySlave_Index6026                        0x20000b00   Data          16  myslave.o(.data)
    MySlave_Index6030                        0x20000b10   Data          16  myslave.o(.data)
    MySlave_highestSubIndex_obj6031          0x20000b20   Data           1  myslave.o(.data)
    MySlave_Index6031                        0x20000b24   Data          64  myslave.o(.data)
    MySlave_highestSubIndex_obj6032          0x20000b64   Data           1  myslave.o(.data)
    MySlave_Index6032                        0x20000b68   Data         112  myslave.o(.data)
    MySlave_highestSubIndex_obj6111          0x20000bd8   Data           1  myslave.o(.data)
    MySlave_Index6111                        0x20000bdc   Data          96  myslave.o(.data)
    MySlave_highestSubIndex_obj6112          0x20000c3c   Data           1  myslave.o(.data)
    MySlave_Index6112                        0x20000c40   Data          96  myslave.o(.data)
    MySlave_highestSubIndex_obj6113          0x20000ca0   Data           1  myslave.o(.data)
    MySlave_Index6113                        0x20000ca4   Data          96  myslave.o(.data)
    MySlave_highestSubIndex_obj6114          0x20000d04   Data           1  myslave.o(.data)
    MySlave_Index6114                        0x20000d08   Data          96  myslave.o(.data)
    MySlave_highestSubIndex_obj6115          0x20000d68   Data           1  myslave.o(.data)
    MySlave_Index6115                        0x20000d6c   Data          96  myslave.o(.data)
    MySlave_highestSubIndex_obj6118          0x20000dcc   Data           1  myslave.o(.data)
    MySlave_Index6118                        0x20000dd0   Data         176  myslave.o(.data)
    MySlave_highestSubIndex_obj6119          0x20000e80   Data           1  myslave.o(.data)
    MySlave_Index6119                        0x20000e84   Data         256  myslave.o(.data)
    MySlave_highestSubIndex_obj611A          0x20000f84   Data           1  myslave.o(.data)
    MySlave_Index611A                        0x20000f88   Data          96  myslave.o(.data)
    MySlave_highestSubIndex_obj611B          0x20000fe8   Data           1  myslave.o(.data)
    MySlave_Index611B                        0x20000fec   Data          96  myslave.o(.data)
    MySlave_highestSubIndex_obj6200          0x2000104c   Data           1  myslave.o(.data)
    MySlave_Index6200                        0x20001050   Data          96  myslave.o(.data)
    MySlave_highestSubIndex_obj6201          0x200010b0   Data           1  myslave.o(.data)
    MySlave_Index6201                        0x200010b4   Data          96  myslave.o(.data)
    MySlave_highestSubIndex_obj6202          0x20001114   Data           1  myslave.o(.data)
    MySlave_Index6202                        0x20001118   Data          96  myslave.o(.data)
    MySlave_highestSubIndex_obj6203          0x20001178   Data           1  myslave.o(.data)
    MySlave_Index6203                        0x2000117c   Data         144  myslave.o(.data)
    MySlave_highestSubIndex_obj6204          0x2000120c   Data           1  myslave.o(.data)
    MySlave_Index6204                        0x20001210   Data          96  myslave.o(.data)
    MySlave_highestSubIndex_obj6205          0x20001270   Data           1  myslave.o(.data)
    MySlave_Index6205                        0x20001274   Data         736  myslave.o(.data)
    MySlave_highestSubIndex_obj6206          0x20001554   Data           1  myslave.o(.data)
    MySlave_Index6206                        0x20001558   Data         176  myslave.o(.data)
    MySlave_highestSubIndex_obj6207          0x20001608   Data           1  myslave.o(.data)
    MySlave_Index6207                        0x2000160c   Data         112  myslave.o(.data)
    MySlave_highestSubIndex_obj6210          0x2000167c   Data           1  myslave.o(.data)
    MySlave_Index6210                        0x20001680   Data          96  myslave.o(.data)
    MySlave_PDO_status                       0x200016e0   Data          72  myslave.o(.data)
    MySlave_Data                             0x20001728   Data         576  myslave.o(.data)
    MySlaveIndex6021_TemperatureThreshold1   0x20001968   Data           4  myslave.o(.data)
    MySlaveIndex6022_TemperatureThreshold2   0x2000196c   Data           4  myslave.o(.data)
    MySlaveIndex6025_TemperatureThreshold1ReturnValue 0x20001970   Data           4  myslave.o(.data)
    MySlaveIndex6026_TemperatureThreshold2ReturnValue 0x20001974   Data           4  myslave.o(.data)
    MySlaveIndex6030_OperatingHours          0x20001978   Data           4  myslave.o(.data)
    MySlave_heartBeatTimers                  0x2000197c   Data           2  myslave.o(.data)
    DMATxDescToSet                           0x2000199c   Data           4  stm32f4x7_eth.o(.data)
    DMARxDescToGet                           0x200019a0   Data           4  stm32f4x7_eth.o(.data)
    DMA_RX_FRAME_infos                       0x200019a4   Data           4  stm32f4x7_eth.o(.data)
    ram_heap                                 0x200019a8   Data           4  mem.o(.data)
    __stdout                                 0x200019b8   Data           4  stdout.o(.data)
    packet                                   0x200019bc   Data          36  app_can.o(.bss)
    Tx_packet                                0x200019e0   Data          32  app_can.o(.bss)
    CanHandle                                0x20001a00   Data          40  driver_can.o(.bss)
    TimHandle                                0x20001a28   Data          72  driver_timer.o(.bss)
    Timer_TimeBaseCount                      0x20001a70   Data          10  driver_timer.o(.bss)
    UartHandle                               0x20001a7c   Data          68  driver_uart.o(.bss)
    IwdgHandle                               0x20001ac0   Data          12  driver_wdog.o(.bss)
    timers                                   0x20001acc   Data         240  timer.o(.bss)
    MySlaveIndex6000_Unit                    0x20001bbc   Data          24  myslave.o(.bss)
    MySlaveIndex6010_DeviceCommand           0x20001bd4   Data          16  myslave.o(.bss)
    MySlaveIndex6011_DeviceStatus            0x20001be4   Data          20  myslave.o(.bss)
    MySlaveIndex6012_DeviceFailureStatus     0x20001bf8   Data          20  myslave.o(.bss)
    MySlaveIndex6013_DeviceStatusDelayTime   0x20001c0c   Data          56  myslave.o(.bss)
    MySlaveIndex6014_DeviceFailureStatusDelayTime 0x20001c44   Data          56  myslave.o(.bss)
    MySlaveIndex6031_DigitalInputConfiguration 0x20001c7c   Data          12  myslave.o(.bss)
    MySlaveIndex6032_DigitalOutputConfiguration 0x20001c88   Data          24  myslave.o(.bss)
    MySlaveIndex6111_InputStatus             0x20001ca0   Data          20  myslave.o(.bss)
    MySlaveIndex6112_InputFailureStatus      0x20001cb4   Data          20  myslave.o(.bss)
    MySlaveIndex6113_InputActualValues       0x20001cc8   Data          20  myslave.o(.bss)
    MySlaveIndex6114_InputThreshold1Parameter 0x20001cdc   Data          20  myslave.o(.bss)
    MySlaveIndex6115_InputThreshold2Parameter 0x20001cf0   Data          20  myslave.o(.bss)
    MySlaveIndex6118_InputStatusDelayTime    0x20001d04   Data          32  myslave.o(.bss)
    MySlaveIndex6119_InputFailureStatusDelayTime 0x20001d24   Data          60  myslave.o(.bss)
    MySlaveIndex611A_InputThresholdReturn1Parameter 0x20001d60   Data          20  myslave.o(.bss)
    MySlaveIndex611B_InputThresholdReturn2Parameter 0x20001d74   Data          20  myslave.o(.bss)
    MySlaveIndex6200_Output1Commands         0x20001d88   Data          20  myslave.o(.bss)
    MySlaveIndex6201_Output1Status           0x20001d9c   Data          20  myslave.o(.bss)
    MySlaveIndex6202_Output1FailureStatus    0x20001db0   Data          20  myslave.o(.bss)
    MySlaveIndex6203_Output1Range            0x20001dc4   Data          32  myslave.o(.bss)
    MySlaveIndex6204_Output1ActualValues     0x20001de4   Data          20  myslave.o(.bss)
    MySlaveIndex6205_Output1SetValues        0x20001df8   Data         184  myslave.o(.bss)
    MySlaveIndex6206_Output1Sequence         0x20001eb0   Data          40  myslave.o(.bss)
    MySlaveIndex6207_Output1TemperatureThresholds 0x20001ed8   Data          24  myslave.o(.bss)
    MySlaveIndex6210_Output2Commands         0x20001ef0   Data          20  myslave.o(.bss)
    inte_gen_mem_base                        0x20001f20   Data       163840  gm_malloc.o(.bss)
    inte_gen_mem_map_base                    0x20029f20   Data       10240  gm_malloc.o(.bss)
    lwipdev                                  0x2002c720   Data          23  lwip_comm.o(.bss)
    lwip_netif                               0x2002c738   Data          88  lwip_comm.o(.bss)
    __initial_sp                             0x2002cbc8   Data           0  startup_stm32f429xx.o(STACK)



==============================================================================

Memory Map of the image

  Image Entry point : 0x080001ad

  Load Region LR_IROM1 (Base: 0x08000000, Size: 0x00007b2c, Max: 0x00200000, ABSOLUTE, COMPRESSED[0x00006774])

    Execution Region ER_IROM1 (Base: 0x08000000, Size: 0x00006170, Max: 0x00200000, ABSOLUTE)

    Base Addr    Size         Type   Attr      Idx    E Section Name        Object

    0x08000000   0x000001ac   Data   RO         3259    RESET               startup_stm32f429xx.o
    0x080001ac   0x00000000   Code   RO         8731  * .ARM.Collect$$$$00000000  mc_w.l(entry.o)
    0x080001ac   0x00000004   Code   RO         9009    .ARM.Collect$$$$00000001  mc_w.l(entry2.o)
    0x080001b0   0x00000004   Code   RO         9012    .ARM.Collect$$$$00000004  mc_w.l(entry5.o)
    0x080001b4   0x00000000   Code   RO         9014    .ARM.Collect$$$$00000008  mc_w.l(entry7b.o)
    0x080001b4   0x00000000   Code   RO         9016    .ARM.Collect$$$$0000000A  mc_w.l(entry8b.o)
    0x080001b4   0x00000008   Code   RO         9017    .ARM.Collect$$$$0000000B  mc_w.l(entry9a.o)
    0x080001bc   0x00000000   Code   RO         9019    .ARM.Collect$$$$0000000D  mc_w.l(entry10a.o)
    0x080001bc   0x00000000   Code   RO         9021    .ARM.Collect$$$$0000000F  mc_w.l(entry11a.o)
    0x080001bc   0x00000004   Code   RO         9010    .ARM.Collect$$$$00002712  mc_w.l(entry2.o)
    0x080001c0   0x00000024   Code   RO         3260    .text               startup_stm32f429xx.o
    0x080001e4   0x00000062   Code   RO         8734    .text               mc_w.l(uldiv.o)
    0x08000246   0x00000024   Code   RO         8736    .text               mc_w.l(memcpya.o)
    0x0800026a   0x0000001a   Code   RO         8742    .text               mc_w.l(memcmp.o)
    0x08000284   0x0000002c   Code   RO         9026    .text               mc_w.l(uidiv.o)
    0x080002b0   0x0000001e   Code   RO         9028    .text               mc_w.l(llshl.o)
    0x080002ce   0x00000020   Code   RO         9030    .text               mc_w.l(llushr.o)
    0x080002ee   0x00000002   PAD
    0x080002f0   0x00000024   Code   RO         9043    .text               mc_w.l(init.o)
    0x08000314   0x00000000   Code   RO         9045    .text               mc_w.l(semi.o)
    0x08000314   0x00000000   Code   RO         9048    .text               mc_w.l(iusesemip.o)
    0x08000314   0x00000056   Code   RO         9059    .text               mc_w.l(__dczerorl2.o)
    0x0800036a   0x00000002   PAD
    0x0800036c   0x00000034   Code   RO            4    i.AppScheduled      main.o
    0x080003a0   0x0000004c   Code   RO          523    i.App_GPIO          app_gpio.o
    0x080003ec   0x00000038   Code   RO          585    i.App_UART          app_uart.o
    0x08000424   0x00000002   Code   RO          303    i.BusFault_Handler  stm32f4xx_it.o
    0x08000426   0x00000002   PAD
    0x08000428   0x0000000c   Code   RO          304    i.CAN1_RX0_IRQHandler  stm32f4xx_it.o
    0x08000434   0x00000026   Code   RO          476    i.CAN_Rx_Msg        app_can.o
    0x0800045a   0x00000002   PAD
    0x0800045c   0x00000044   Code   RO          477    i.CAN_Tx_Msg        app_can.o
    0x080004a0   0x0000002c   Code   RO         3406    i.ConsumerHeartbeatAlarm  lifegrd.o
    0x080004cc   0x000000a0   Code   RO         3649    i.CopyBits          pdo.o
    0x0800056c   0x00000002   Code   RO          305    i.DebugMon_Handler  stm32f4xx_it.o
    0x0800056e   0x00000002   PAD
    0x08000570   0x0000002c   Code   RO         4105    i.DelAlarm          timer.o
    0x0800059c   0x0000000c   Code   RO         6661    i.ETH_DMAClearITPendingBit  stm32f4x7_eth.o
    0x080005a8   0x0000001e   Code   RO         6703    i.ETH_GetRxPktSize  stm32f4x7_eth.o
    0x080005c6   0x00000002   PAD
    0x080005c8   0x0000002c   Code   RO          928    i.ETH_IRQHandler    pds_socethernet_irq.o
    0x080005f4   0x00000006   Code   RO          306    i.EXTI0_IRQHandler  stm32f4xx_it.o
    0x080005fa   0x00000008   Code   RO          307    i.EXTI15_10_IRQHandler  stm32f4xx_it.o
    0x08000602   0x00000006   Code   RO          308    i.EXTI2_IRQHandler  stm32f4xx_it.o
    0x08000608   0x00000006   Code   RO          309    i.EXTI3_IRQHandler  stm32f4xx_it.o
    0x0800060e   0x00000006   Code   RO          310    i.EXTI4_IRQHandler  stm32f4xx_it.o
    0x08000614   0x00000012   Code   RO          311    i.EXTI9_5_IRQHandler  stm32f4xx_it.o
    0x08000626   0x00000002   Code   RO            5    i.Error_Handler     main.o
    0x08000628   0x00000012   Code   RO         4698    i.GM_initialize_memory  gm_malloc.o
    0x0800063a   0x00000002   PAD
    0x0800063c   0x000000e8   Code   RO          667    i.GPIO_Init         driver_gpio.o
    0x08000724   0x00000062   Code   RO         3407    i.GuardTimeAlarm    lifegrd.o
    0x08000786   0x00000024   Code   RO         1184    i.HAL_CAN_ActivateNotification  stm32f4xx_hal_can.o
    0x080007aa   0x000000c8   Code   RO         1185    i.HAL_CAN_AddTxMessage  stm32f4xx_hal_can.o
    0x08000872   0x00000002   Code   RO          312    i.HAL_CAN_ErrorCallback  stm32f4xx_it.o
    0x08000874   0x000000e8   Code   RO         1192    i.HAL_CAN_GetRxMessage  stm32f4xx_hal_can.o
    0x0800095c   0x0000002c   Code   RO         1194    i.HAL_CAN_GetTxMailboxesFreeLevel  stm32f4xx_hal_can.o
    0x08000988   0x000001fc   Code   RO         1196    i.HAL_CAN_IRQHandler  stm32f4xx_hal_can.o
    0x08000b84   0x00000002   Code   RO         1204    i.HAL_CAN_RxFifo0FullCallback  stm32f4xx_hal_can.o
    0x08000b86   0x00000002   PAD
    0x08000b88   0x0000005c   Code   RO          313    i.HAL_CAN_RxFifo0MsgPendingCallback  stm32f4xx_it.o
    0x08000be4   0x00000002   Code   RO         1206    i.HAL_CAN_RxFifo1FullCallback  stm32f4xx_hal_can.o
    0x08000be6   0x00000002   Code   RO         1207    i.HAL_CAN_RxFifo1MsgPendingCallback  stm32f4xx_hal_can.o
    0x08000be8   0x00000002   Code   RO         1208    i.HAL_CAN_SleepCallback  stm32f4xx_hal_can.o
    0x08000bea   0x00000002   Code   RO         1211    i.HAL_CAN_TxMailbox0AbortCallback  stm32f4xx_hal_can.o
    0x08000bec   0x00000002   Code   RO         1212    i.HAL_CAN_TxMailbox0CompleteCallback  stm32f4xx_hal_can.o
    0x08000bee   0x00000002   Code   RO         1213    i.HAL_CAN_TxMailbox1AbortCallback  stm32f4xx_hal_can.o
    0x08000bf0   0x00000002   Code   RO         1214    i.HAL_CAN_TxMailbox1CompleteCallback  stm32f4xx_hal_can.o
    0x08000bf2   0x00000002   Code   RO         1215    i.HAL_CAN_TxMailbox2AbortCallback  stm32f4xx_hal_can.o
    0x08000bf4   0x00000002   Code   RO         1216    i.HAL_CAN_TxMailbox2CompleteCallback  stm32f4xx_hal_can.o
    0x08000bf6   0x00000002   Code   RO         1218    i.HAL_CAN_WakeUpFromRxMsgCallback  stm32f4xx_hal_can.o
    0x08000bf8   0x0000008e   Code   RO         3119    i.HAL_DMA_Abort     stm32f4xx_hal_dma.o
    0x08000c86   0x00000024   Code   RO         3120    i.HAL_DMA_Abort_IT  stm32f4xx_hal_dma.o
    0x08000caa   0x00000002   Code   RO          668    i.HAL_GPIO_EXTI_Callback  driver_gpio.o
    0x08000cac   0x00000018   Code   RO         1554    i.HAL_GPIO_EXTI_IRQHandler  stm32f4xx_hal_gpio.o
    0x08000cc4   0x00000230   Code   RO         1555    i.HAL_GPIO_Init     stm32f4xx_hal_gpio.o
    0x08000ef4   0x00000010   Code   RO         1558    i.HAL_GPIO_TogglePin  stm32f4xx_hal_gpio.o
    0x08000f04   0x0000000c   Code   RO         1000    i.HAL_GetTick       stm32f4xx_hal.o
    0x08000f10   0x0000005a   Code   RO         1618    i.HAL_IWDG_Init     stm32f4xx_hal_iwdg.o
    0x08000f6a   0x0000000c   Code   RO         1619    i.HAL_IWDG_Refresh  stm32f4xx_hal_iwdg.o
    0x08000f76   0x00000002   PAD
    0x08000f78   0x00000010   Code   RO         1006    i.HAL_IncTick       stm32f4xx_hal.o
    0x08000f88   0x00000034   Code   RO         1007    i.HAL_Init          stm32f4xx_hal.o
    0x08000fbc   0x00000040   Code   RO         1008    i.HAL_InitTick      stm32f4xx_hal.o
    0x08000ffc   0x00000002   Code   RO         1010    i.HAL_MspInit       stm32f4xx_hal.o
    0x08000ffe   0x0000001a   Code   RO         1422    i.HAL_NVIC_EnableIRQ  stm32f4xx_hal_cortex.o
    0x08001018   0x00000040   Code   RO         1428    i.HAL_NVIC_SetPriority  stm32f4xx_hal_cortex.o
    0x08001058   0x00000024   Code   RO         1429    i.HAL_NVIC_SetPriorityGrouping  stm32f4xx_hal_cortex.o
    0x0800107c   0x00000134   Code   RO         3015    i.HAL_RCC_ClockConfig  stm32f4xx_hal_rcc.o
    0x080011b0   0x00000020   Code   RO         3022    i.HAL_RCC_GetPCLK1Freq  stm32f4xx_hal_rcc.o
    0x080011d0   0x00000020   Code   RO         3023    i.HAL_RCC_GetPCLK2Freq  stm32f4xx_hal_rcc.o
    0x080011f0   0x00000064   Code   RO         3024    i.HAL_RCC_GetSysClockFreq  stm32f4xx_hal_rcc.o
    0x08001254   0x0000036c   Code   RO         3027    i.HAL_RCC_OscConfig  stm32f4xx_hal_rcc.o
    0x080015c0   0x00000028   Code   RO         1433    i.HAL_SYSTICK_Config  stm32f4xx_hal_cortex.o
    0x080015e8   0x00000002   Code   RO         2390    i.HAL_TIMEx_BreakCallback  stm32f4xx_hal_tim_ex.o
    0x080015ea   0x00000002   Code   RO         2391    i.HAL_TIMEx_CommutCallback  stm32f4xx_hal_tim_ex.o
    0x080015ec   0x0000005a   Code   RO         1686    i.HAL_TIM_Base_Init  stm32f4xx_hal_tim.o
    0x08001646   0x00000002   PAD
    0x08001648   0x0000002c   Code   RO          697    i.HAL_TIM_Base_MspInit  driver_timer.o
    0x08001674   0x00000080   Code   RO         1691    i.HAL_TIM_Base_Start_IT  stm32f4xx_hal_tim.o
    0x080016f4   0x00000002   Code   RO         1720    i.HAL_TIM_IC_CaptureCallback  stm32f4xx_hal_tim.o
    0x080016f6   0x00000166   Code   RO         1734    i.HAL_TIM_IRQHandler  stm32f4xx_hal_tim.o
    0x0800185c   0x00000002   Code   RO         1737    i.HAL_TIM_OC_DelayElapsedCallback  stm32f4xx_hal_tim.o
    0x0800185e   0x00000002   Code   RO         1764    i.HAL_TIM_PWM_PulseFinishedCallback  stm32f4xx_hal_tim.o
    0x08001860   0x00000060   Code   RO          314    i.HAL_TIM_PeriodElapsedCallback  stm32f4xx_it.o
    0x080018c0   0x00000002   Code   RO         1777    i.HAL_TIM_TriggerCallback  stm32f4xx_hal_tim.o
    0x080018c2   0x00000002   Code   RO         2668    i.HAL_UARTEx_RxEventCallback  stm32f4xx_hal_uart.o
    0x080018c4   0x00000002   Code   RO          315    i.HAL_UART_ErrorCallback  stm32f4xx_it.o
    0x080018c6   0x00000002   PAD
    0x080018c8   0x00000210   Code   RO         2685    i.HAL_UART_IRQHandler  stm32f4xx_hal_uart.o
    0x08001ad8   0x00000062   Code   RO         2686    i.HAL_UART_Init     stm32f4xx_hal_uart.o
    0x08001b3a   0x00000002   PAD
    0x08001b3c   0x00000050   Code   RO          736    i.HAL_UART_MspInit  driver_uart.o
    0x08001b8c   0x0000002a   Code   RO         2691    i.HAL_UART_Receive_IT  stm32f4xx_hal_uart.o
    0x08001bb6   0x00000002   PAD
    0x08001bb8   0x00000024   Code   RO          316    i.HAL_UART_RxCpltCallback  stm32f4xx_it.o
    0x08001bdc   0x000000b2   Code   RO         2694    i.HAL_UART_Transmit  stm32f4xx_hal_uart.o
    0x08001c8e   0x00000002   Code   RO          317    i.HAL_UART_TxCpltCallback  stm32f4xx_it.o
    0x08001c90   0x00000002   Code   RO          318    i.HardFault_Handler  stm32f4xx_it.o
    0x08001c92   0x00000002   Code   RO          320    i.MemManage_Handler  stm32f4xx_it.o
    0x08001c94   0x00000290   Code   RO         4182    i.MySlave_scanIndexOD  myslave.o
    0x08001f24   0x00000034   Code   RO         4183    i.MySlave_valueRangeTest  myslave.o
    0x08001f58   0x00000002   Code   RO          321    i.NMI_Handler       stm32f4xx_it.o
    0x08001f5a   0x0000000a   Code   RO         4039    i.OnCOB_ID_SyncUpdate  sync.o
    0x08001f64   0x00000034   Code   RO         3408    i.OnHeartbeatProducerUpdate  lifegrd.o
    0x08001f98   0x00000012   Code   RO         3409    i.OnNodeGuardUpdate  lifegrd.o
    0x08001faa   0x00000002   PAD
    0x08001fac   0x00000028   Code   RO         3339    i.OnNumberOfErrorsUpdate  emcy.o
    0x08001fd4   0x00000028   Code   RO         3652    i.PDOEventTimerAlarm  pdo.o
    0x08001ffc   0x0000002a   Code   RO         3653    i.PDOInhibitTimerAlarm  pdo.o
    0x08002026   0x00000002   PAD
    0x08002028   0x00000058   Code   RO         3654    i.PDOInit           pdo.o
    0x08002080   0x00000068   Code   RO         3655    i.PDOStop           pdo.o
    0x080020e8   0x00000058   Code   RO          841    i.PDS_soc_receive_ethernet_packet  pds_socethernet.o
    0x08002140   0x00000002   Code   RO          322    i.PendSV_Handler    stm32f4xx_it.o
    0x08002142   0x00000044   Code   RO         3410    i.ProducerHeartbeatAlarm  lifegrd.o
    0x08002186   0x00000026   Code   RO         3610    i.RegisterSetODentryCallBack  objacces.o
    0x080021ac   0x00000080   Code   RO         3763    i.SDOTimeoutAlarm   sdo.o
    0x0800222c   0x00000034   Code   RO         3764    i.SDOlineToObjdict  sdo.o
    0x08002260   0x0000003a   Code   RO         3765    i.SDOtoLine         sdo.o
    0x0800229a   0x00000002   Code   RO          323    i.SVC_Handler       stm32f4xx_it.o
    0x0800229c   0x00000090   Code   RO         4106    i.SetAlarm          timer.o
    0x0800232c   0x00000004   Code   RO         4040    i.SyncAlarm         sync.o
    0x08002330   0x00000004   Code   RO          324    i.SysTick_Handler   stm32f4xx_it.o
    0x08002334   0x0000016c   Code   RO            6    i.SystemClock_Config  main.o
    0x080024a0   0x00000010   Code   RO         3223    i.SystemInit        system_stm32f4xx.o
    0x080024b0   0x0000000c   Code   RO          325    i.TIM3_IRQHandler   stm32f4xx_it.o
    0x080024bc   0x000000c8   Code   RO         1779    i.TIM_Base_SetConfig  stm32f4xx_hal_tim.o
    0x08002584   0x00000066   Code   RO         3656    i.TPDO_Communication_Parameter_Callback  pdo.o
    0x080025ea   0x00000002   PAD
    0x080025ec   0x0000003c   Code   RO          586    i.Task_FaultMessage  app_uart.o
    0x08002628   0x00000030   Code   RO          587    i.Task_PowerMessage  app_uart.o
    0x08002658   0x00000058   Code   RO          698    i.Timer_Init        driver_timer.o
    0x080026b0   0x00000010   Code   RO         2699    i.UART_DMAAbortOnError  stm32f4xx_hal_uart.o
    0x080026c0   0x00000030   Code   RO         2709    i.UART_EndRxTransfer  stm32f4xx_hal_uart.o
    0x080026f0   0x00000054   Code   RO          737    i.UART_Init         driver_uart.o
    0x08002744   0x000000ae   Code   RO         2711    i.UART_Receive_IT   stm32f4xx_hal_uart.o
    0x080027f2   0x00000002   PAD
    0x080027f4   0x0000010c   Code   RO         2712    i.UART_SetConfig    stm32f4xx_hal_uart.o
    0x08002900   0x00000036   Code   RO         2714    i.UART_Start_Receive_IT  stm32f4xx_hal_uart.o
    0x08002936   0x00000064   Code   RO         2715    i.UART_WaitOnFlagUntilTimeout  stm32f4xx_hal_uart.o
    0x0800299a   0x00000002   PAD
    0x0800299c   0x0000000c   Code   RO          326    i.USART1_IRQHandler  stm32f4xx_it.o
    0x080029a8   0x00000002   Code   RO          327    i.UsageFault_Handler  stm32f4xx_it.o
    0x080029aa   0x00000002   Code   RO         3657    i._RxPDO_EventTimers_Handler  pdo.o
    0x080029ac   0x00000020   Code   RO         8837    i.__0printf$3       mc_w.l(printf3.o)
    0x080029cc   0x00000020   Code   RO         1435    i.__NVIC_SetPriority  stm32f4xx_hal_cortex.o
    0x080029ec   0x0000000e   Code   RO         9053    i.__scatterload_copy  mc_w.l(handlers.o)
    0x080029fa   0x00000002   Code   RO         9054    i.__scatterload_null  mc_w.l(handlers.o)
    0x080029fc   0x0000000e   Code   RO         9055    i.__scatterload_zeroinit  mc_w.l(handlers.o)
    0x08002a0a   0x00000002   PAD
    0x08002a0c   0x000000b0   Code   RO         3611    i._getODentry       objacces.o
    0x08002abc   0x00000002   Code   RO         3411    i._heartbeatError   lifegrd.o
    0x08002abe   0x00000002   Code   RO         3969    i._initialisation   states.o
    0x08002ac0   0x00000002   Code   RO         3412    i._nodeguardError   lifegrd.o
    0x08002ac2   0x00000002   Code   RO         3970    i._operational      states.o
    0x08002ac4   0x00000002   Code   RO         3413    i._post_SlaveBootup  lifegrd.o
    0x08002ac6   0x00000002   Code   RO         3414    i._post_SlaveStateChange  lifegrd.o
    0x08002ac8   0x00000002   Code   RO         4041    i._post_TPDO        sync.o
    0x08002aca   0x00000002   Code   RO         3340    i._post_emcy        emcy.o
    0x08002acc   0x00000002   Code   RO         4042    i._post_sync        sync.o
    0x08002ace   0x00000010   Code   RO         3971    i._preOperational   states.o
    0x08002ade   0x00000002   PAD
    0x08002ae0   0x000001b8   Code   RO         8844    i._printf_core      mc_w.l(printf3.o)
    0x08002c98   0x0000011c   Code   RO         3658    i._sendPDOevent     pdo.o
    0x08002db4   0x000000ec   Code   RO         3612    i._setODentry       objacces.o
    0x08002ea0   0x00000002   Code   RO         3972    i._stopped          states.o
    0x08002ea2   0x00000004   Code   RO         3613    i._storeODSubIndex  objacces.o
    0x08002ea6   0x000000d4   Code   RO         3659    i.buildPDO          pdo.o
    0x08002f7a   0x0000007a   Code   RO         3973    i.canDispatch       states.o
    0x08002ff4   0x00000024   Code   RO         4140    i.canSend           stm32_canfestival.o
    0x08003018   0x00000020   Code   RO         3341    i.emergencyInit     emcy.o
    0x08003038   0x00000002   Code   RO         3342    i.emergencyStop     emcy.o
    0x0800303a   0x00000002   PAD
    0x0800303c   0x00000078   Code   RO         8675    i.ethernetif_input  ethernetif.o
    0x080030b4   0x00000098   Code   RO         3769    i.failedSDO         sdo.o
    0x0800314c   0x00000012   Code   RO         9023    i.fputc             mc_w.l(fputc.o)
    0x0800315e   0x00000002   PAD
    0x08003160   0x00000018   Code   RO         4141    i.getElapsedTime    stm32_canfestival.o
    0x08003178   0x00000006   Code   RO         3974    i.getNodeId         states.o
    0x0800317e   0x00000038   Code   RO         3771    i.getSDOfreeLine    sdo.o
    0x080031b6   0x0000003e   Code   RO         3772    i.getSDOlineOnUse   sdo.o
    0x080031f4   0x0000001a   Code   RO         3773    i.getSDOlineRestBytes  sdo.o
    0x0800320e   0x00000002   PAD
    0x08003210   0x00000074   Code   RO         3416    i.heartbeatInit     lifegrd.o
    0x08003284   0x00000036   Code   RO         3417    i.heartbeatStop     lifegrd.o
    0x080032ba   0x00000002   PAD
    0x080032bc   0x0000008c   Code   RO         3776    i.initSDOline       sdo.o
    0x08003348   0x00000012   Code   RO         3418    i.lifeGuardInit     lifegrd.o
    0x0800335a   0x00000012   Code   RO         3419    i.lifeGuardStop     lifegrd.o
    0x0800336c   0x00000040   Code   RO         3777    i.lineToSDO         sdo.o
    0x080033ac   0x0000000c   Code   RO         7208    i.lwip_packet_handler  lwip_comm.o
    0x080033b8   0x00000028   Code   RO            7    i.main              main.o
    0x080033e0   0x00000022   Code   RO         3548    i.masterSendNMTnodeguard  nmtmaster.o
    0x08003402   0x00000026   Code   RO         3549    i.masterSendNMTstateChange  nmtmaster.o
    0x08003428   0x00000114   Code   RO         7715    i.mem_free          mem.o
    0x0800353c   0x000001f4   Code   RO         7717    i.mem_malloc        mem.o
    0x08003730   0x00000030   Code   RO         4701    i.mem_mgmt_init     gm_malloc.o
    0x08003760   0x0000003c   Code   RO         4703    i.mem_mgmt_perused  gm_malloc.o
    0x0800379c   0x0000009c   Code   RO         7758    i.memp_free         memp.o
    0x08003838   0x000000d8   Code   RO         7761    i.memp_malloc       memp.o
    0x08003910   0x00000074   Code   RO         3420    i.nodeguardInit     lifegrd.o
    0x08003984   0x00000012   Code   RO         3421    i.nodeguardStop     lifegrd.o
    0x08003996   0x00000040   Code   RO         3778    i.objdictToSDOline  sdo.o
    0x080039d6   0x00000002   PAD
    0x080039d8   0x00000358   Code   RO         7905    i.pbuf_alloc        pbuf.o
    0x08003d30   0x0000015c   Code   RO         7914    i.pbuf_free         pbuf.o
    0x08003e8c   0x0000016c   Code   RO         7719    i.plug_holes        mem.o
    0x08003ff8   0x00000024   Code   RO         3343    i.proceedEMCY       emcy.o
    0x0800401c   0x00000096   Code   RO         3583    i.proceedNMTstateChange  nmtslave.o
    0x080040b2   0x00000002   PAD
    0x080040b4   0x000000f4   Code   RO         3422    i.proceedNODE_GUARD  lifegrd.o
    0x080041a8   0x00000220   Code   RO         3660    i.proceedPDO        pdo.o
    0x080043c8   0x000014bc   Code   RO         3779    i.proceedSDO        sdo.o
    0x08005884   0x00000028   Code   RO         4043    i.proceedSYNC       sync.o
    0x080058ac   0x00000018   Code   RO         3784    i.resetSDO          sdo.o
    0x080058c4   0x00000036   Code   RO         3785    i.resetSDOline      sdo.o
    0x080058fa   0x00000002   PAD
    0x080058fc   0x00000110   Code   RO         3661    i.sendOnePDOevent   pdo.o
    0x08005a0c   0x00000028   Code   RO         3664    i.sendPdo           pdo.o
    0x08005a34   0x00000078   Code   RO         3786    i.sendSDO           sdo.o
    0x08005aac   0x00000038   Code   RO         3787    i.sendSDOabort      sdo.o
    0x08005ae4   0x00000014   Code   RO         4044    i.sendSYNC          sync.o
    0x08005af8   0x00000022   Code   RO         4045    i.sendSYNCMessage   sync.o
    0x08005b1a   0x00000002   PAD
    0x08005b1c   0x0000014c   Code   RO         3976    i.setNodeId         states.o
    0x08005c68   0x0000001a   Code   RO         3788    i.setSDOlineRestBytes  sdo.o
    0x08005c82   0x00000002   PAD
    0x08005c84   0x000000a4   Code   RO         3977    i.setState          states.o
    0x08005d28   0x00000018   Code   RO         4142    i.setTimer          stm32_canfestival.o
    0x08005d40   0x0000002a   Code   RO         3584    i.slaveSendBootUp   nmtslave.o
    0x08005d6a   0x00000002   PAD
    0x08005d6c   0x0000005c   Code   RO         4046    i.startSYNC         sync.o
    0x08005dc8   0x0000002c   Code   RO         4047    i.stopSYNC          sync.o
    0x08005df4   0x000000ea   Code   RO         3978    i.switchCommunicationState  states.o
    0x08005ede   0x00000010   Data   RO         3224    .constdata          system_stm32f4xx.o
    0x08005eee   0x00000008   Data   RO         3225    .constdata          system_stm32f4xx.o
    0x08005ef6   0x00000002   PAD
    0x08005ef8   0x00000040   Data   RO         3979    .constdata          states.o
    0x08005f38   0x00000001   Data   RO         4210    .constdata          myslave.o
    0x08005f39   0x00000003   PAD
    0x08005f3c   0x00000040   Data   RO         4211    .constdata          myslave.o
    0x08005f7c   0x000001a0   Data   RO         4212    .constdata          myslave.o
    0x0800611c   0x0000000c   Data   RO         4213    .constdata          myslave.o
    0x08006128   0x0000000c   Data   RO         4214    .constdata          myslave.o
    0x08006134   0x00000002   Data   RO         4215    .constdata          myslave.o
    0x08006136   0x00000002   PAD
    0x08006138   0x00000018   Data   RO         4708    .constdata          gm_malloc.o
    0x08006150   0x00000020   Data   RO         9051    Region$$Table       anon$$obj.o


    Execution Region RW_IRAM1 (Base: 0x20000000, Size: 0x0002cbc8, Max: 0x00030000, ABSOLUTE, COMPRESSED[0x00000604])

    Base Addr    Size         Type   Attr      Idx    E Section Name        Object

    0x20000000   0x00000008   Data   RW          481    .data               app_can.o
    0x20000008   0x00000001   Data   RW          483    .data               app_can.o
    0x20000009   0x00000001   PAD
    0x2000000a   0x00000014   Data   RW          530    .data               app_gpio.o
    0x2000001e   0x00000002   PAD
    0x20000020   0x00000018   Data   RW          588    .data               app_uart.o
    0x20000038   0x00000004   Data   RW          701    .data               driver_timer.o
    0x2000003c   0x00000008   Data   RW          702    .data               driver_timer.o
    0x20000044   0x0000000c   Data   RW         1014    .data               stm32f4xx_hal.o
    0x20000050   0x00000004   Data   RW         3226    .data               system_stm32f4xx.o
    0x20000054   0x00000008   Data   RW         4109    .data               timer.o
    0x2000005c   0x00000010   Data   RW         4144    .data               stm32_canfestival.o
    0x2000006c   0x00000004   Data   RW         4216    .data               myslave.o
    0x20000070   0x00000001   Data   RW         4217    .data               myslave.o
    0x20000071   0x00000003   PAD
    0x20000074   0x00000004   Data   RW         4233    .data               myslave.o
    0x20000078   0x00000010   Data   RW         4234    .data               myslave.o
    0x20000088   0x00000001   Data   RW         4235    .data               myslave.o
    0x20000089   0x00000003   PAD
    0x2000008c   0x00000010   Data   RW         4236    .data               myslave.o
    0x2000009c   0x00000001   Data   RW         4237    .data               myslave.o
    0x2000009d   0x00000003   PAD
    0x200000a0   0x00000004   Data   RW         4238    .data               myslave.o
    0x200000a4   0x00000004   Data   RW         4240    .data               myslave.o
    0x200000a8   0x00000004   Data   RW         4241    .data               myslave.o
    0x200000ac   0x00000002   Data   RW         4242    .data               myslave.o
    0x200000ae   0x00000001   Data   RW         4243    .data               myslave.o
    0x200000af   0x00000001   PAD
    0x200000b0   0x00000004   Data   RW         4244    .data               myslave.o
    0x200000b4   0x00000001   Data   RW         4245    .data               myslave.o
    0x200000b5   0x00000003   PAD
    0x200000b8   0x00000004   Data   RW         4246    .data               myslave.o
    0x200000bc   0x00000002   Data   RW         4247    .data               myslave.o
    0x200000be   0x00000002   PAD
    0x200000c0   0x00000010   Data   RW         4248    .data               myslave.o
    0x200000d0   0x00000001   Data   RW         4249    .data               myslave.o
    0x200000d1   0x00000003   PAD
    0x200000d4   0x00000004   Data   RW         4250    .data               myslave.o
    0x200000d8   0x00000004   Data   RW         4251    .data               myslave.o
    0x200000dc   0x00000004   Data   RW         4252    .data               myslave.o
    0x200000e0   0x00000004   Data   RW         4253    .data               myslave.o
    0x200000e4   0x00000050   Data   RW         4254    .data               myslave.o
    0x20000134   0x00000001   Data   RW         4255    .data               myslave.o
    0x20000135   0x00000003   PAD
    0x20000138   0x00000004   Data   RW         4256    .data               myslave.o
    0x2000013c   0x00000004   Data   RW         4257    .data               myslave.o
    0x20000140   0x00000001   Data   RW         4258    .data               myslave.o
    0x20000141   0x00000001   Data   RW         4259    .data               myslave.o
    0x20000142   0x00000002   PAD
    0x20000144   0x00000004   Data   RW         4260    .data               myslave.o
    0x20000148   0x00000001   Data   RW         4261    .data               myslave.o
    0x20000149   0x00000001   PAD
    0x2000014a   0x00000002   Data   RW         4262    .data               myslave.o
    0x2000014c   0x00000001   Data   RW         4263    .data               myslave.o
    0x2000014d   0x00000001   PAD
    0x2000014e   0x00000002   Data   RW         4264    .data               myslave.o
    0x20000150   0x00000001   Data   RW         4265    .data               myslave.o
    0x20000151   0x00000003   PAD
    0x20000154   0x00000070   Data   RW         4266    .data               myslave.o
    0x200001c4   0x00000001   Data   RW         4267    .data               myslave.o
    0x200001c5   0x00000003   PAD
    0x200001c8   0x00000004   Data   RW         4268    .data               myslave.o
    0x200001cc   0x00000001   Data   RW         4269    .data               myslave.o
    0x200001cd   0x00000001   PAD
    0x200001ce   0x00000002   Data   RW         4270    .data               myslave.o
    0x200001d0   0x00000001   Data   RW         4271    .data               myslave.o
    0x200001d1   0x00000001   PAD
    0x200001d2   0x00000002   Data   RW         4272    .data               myslave.o
    0x200001d4   0x00000001   Data   RW         4273    .data               myslave.o
    0x200001d5   0x00000003   PAD
    0x200001d8   0x00000070   Data   RW         4274    .data               myslave.o
    0x20000248   0x00000001   Data   RW         4275    .data               myslave.o
    0x20000249   0x00000003   PAD
    0x2000024c   0x00000004   Data   RW         4276    .data               myslave.o
    0x20000250   0x00000001   Data   RW         4277    .data               myslave.o
    0x20000251   0x00000001   PAD
    0x20000252   0x00000002   Data   RW         4278    .data               myslave.o
    0x20000254   0x00000001   Data   RW         4279    .data               myslave.o
    0x20000255   0x00000001   PAD
    0x20000256   0x00000002   Data   RW         4280    .data               myslave.o
    0x20000258   0x00000001   Data   RW         4281    .data               myslave.o
    0x20000259   0x00000003   PAD
    0x2000025c   0x00000070   Data   RW         4282    .data               myslave.o
    0x200002cc   0x00000001   Data   RW         4283    .data               myslave.o
    0x200002cd   0x00000003   PAD
    0x200002d0   0x00000004   Data   RW         4284    .data               myslave.o
    0x200002d4   0x00000001   Data   RW         4285    .data               myslave.o
    0x200002d5   0x00000001   PAD
    0x200002d6   0x00000002   Data   RW         4286    .data               myslave.o
    0x200002d8   0x00000001   Data   RW         4287    .data               myslave.o
    0x200002d9   0x00000001   PAD
    0x200002da   0x00000002   Data   RW         4288    .data               myslave.o
    0x200002dc   0x00000001   Data   RW         4289    .data               myslave.o
    0x200002dd   0x00000003   PAD
    0x200002e0   0x00000070   Data   RW         4290    .data               myslave.o
    0x20000350   0x00000001   Data   RW         4291    .data               myslave.o
    0x20000351   0x00000003   PAD
    0x20000354   0x00000010   Data   RW         4292    .data               myslave.o
    0x20000364   0x00000050   Data   RW         4293    .data               myslave.o
    0x200003b4   0x00000001   Data   RW         4294    .data               myslave.o
    0x200003b5   0x00000003   PAD
    0x200003b8   0x00000004   Data   RW         4295    .data               myslave.o
    0x200003bc   0x00000020   Data   RW         4296    .data               myslave.o
    0x200003dc   0x00000001   Data   RW         4297    .data               myslave.o
    0x200003dd   0x00000003   PAD
    0x200003e0   0x00000004   Data   RW         4298    .data               myslave.o
    0x200003e4   0x00000020   Data   RW         4299    .data               myslave.o
    0x20000404   0x00000001   Data   RW         4300    .data               myslave.o
    0x20000405   0x00000003   PAD
    0x20000408   0x00000004   Data   RW         4301    .data               myslave.o
    0x2000040c   0x00000020   Data   RW         4302    .data               myslave.o
    0x2000042c   0x00000001   Data   RW         4303    .data               myslave.o
    0x2000042d   0x00000003   PAD
    0x20000430   0x00000004   Data   RW         4304    .data               myslave.o
    0x20000434   0x00000001   Data   RW         4305    .data               myslave.o
    0x20000435   0x00000001   PAD
    0x20000436   0x00000002   Data   RW         4306    .data               myslave.o
    0x20000438   0x00000001   Data   RW         4307    .data               myslave.o
    0x20000439   0x00000001   PAD
    0x2000043a   0x00000002   Data   RW         4308    .data               myslave.o
    0x2000043c   0x00000001   Data   RW         4309    .data               myslave.o
    0x2000043d   0x00000003   PAD
    0x20000440   0x00000070   Data   RW         4310    .data               myslave.o
    0x200004b0   0x00000001   Data   RW         4311    .data               myslave.o
    0x200004b1   0x00000003   PAD
    0x200004b4   0x00000004   Data   RW         4312    .data               myslave.o
    0x200004b8   0x00000001   Data   RW         4313    .data               myslave.o
    0x200004b9   0x00000001   PAD
    0x200004ba   0x00000002   Data   RW         4314    .data               myslave.o
    0x200004bc   0x00000001   Data   RW         4315    .data               myslave.o
    0x200004bd   0x00000001   PAD
    0x200004be   0x00000002   Data   RW         4316    .data               myslave.o
    0x200004c0   0x00000001   Data   RW         4317    .data               myslave.o
    0x200004c1   0x00000003   PAD
    0x200004c4   0x00000070   Data   RW         4318    .data               myslave.o
    0x20000534   0x00000001   Data   RW         4319    .data               myslave.o
    0x20000535   0x00000003   PAD
    0x20000538   0x00000004   Data   RW         4320    .data               myslave.o
    0x2000053c   0x00000001   Data   RW         4321    .data               myslave.o
    0x2000053d   0x00000001   PAD
    0x2000053e   0x00000002   Data   RW         4322    .data               myslave.o
    0x20000540   0x00000001   Data   RW         4323    .data               myslave.o
    0x20000541   0x00000001   PAD
    0x20000542   0x00000002   Data   RW         4324    .data               myslave.o
    0x20000544   0x00000001   Data   RW         4325    .data               myslave.o
    0x20000545   0x00000003   PAD
    0x20000548   0x00000070   Data   RW         4326    .data               myslave.o
    0x200005b8   0x00000001   Data   RW         4327    .data               myslave.o
    0x200005b9   0x00000003   PAD
    0x200005bc   0x00000004   Data   RW         4328    .data               myslave.o
    0x200005c0   0x00000001   Data   RW         4329    .data               myslave.o
    0x200005c1   0x00000001   PAD
    0x200005c2   0x00000002   Data   RW         4330    .data               myslave.o
    0x200005c4   0x00000001   Data   RW         4331    .data               myslave.o
    0x200005c5   0x00000001   PAD
    0x200005c6   0x00000002   Data   RW         4332    .data               myslave.o
    0x200005c8   0x00000001   Data   RW         4333    .data               myslave.o
    0x200005c9   0x00000003   PAD
    0x200005cc   0x00000070   Data   RW         4334    .data               myslave.o
    0x2000063c   0x00000001   Data   RW         4335    .data               myslave.o
    0x2000063d   0x00000003   PAD
    0x20000640   0x00000008   Data   RW         4336    .data               myslave.o
    0x20000648   0x00000030   Data   RW         4337    .data               myslave.o
    0x20000678   0x00000001   Data   RW         4338    .data               myslave.o
    0x20000679   0x00000003   PAD
    0x2000067c   0x00000008   Data   RW         4339    .data               myslave.o
    0x20000684   0x00000030   Data   RW         4340    .data               myslave.o
    0x200006b4   0x00000001   Data   RW         4341    .data               myslave.o
    0x200006b5   0x00000003   PAD
    0x200006b8   0x00000008   Data   RW         4342    .data               myslave.o
    0x200006c0   0x00000030   Data   RW         4343    .data               myslave.o
    0x200006f0   0x00000001   Data   RW         4344    .data               myslave.o
    0x200006f1   0x00000003   PAD
    0x200006f4   0x00000004   Data   RW         4345    .data               myslave.o
    0x200006f8   0x00000020   Data   RW         4346    .data               myslave.o
    0x20000718   0x00000001   Data   RW         4347    .data               myslave.o
    0x20000719   0x00000003   PAD
    0x2000071c   0x00000070   Data   RW         4348    .data               myslave.o
    0x2000078c   0x00000001   Data   RW         4349    .data               myslave.o
    0x2000078d   0x00000003   PAD
    0x20000790   0x00000050   Data   RW         4350    .data               myslave.o
    0x200007e0   0x00000001   Data   RW         4351    .data               myslave.o
    0x200007e1   0x00000003   PAD
    0x200007e4   0x00000060   Data   RW         4352    .data               myslave.o
    0x20000844   0x00000001   Data   RW         4353    .data               myslave.o
    0x20000845   0x00000003   PAD
    0x20000848   0x00000060   Data   RW         4354    .data               myslave.o
    0x200008a8   0x00000001   Data   RW         4355    .data               myslave.o
    0x200008a9   0x00000003   PAD
    0x200008ac   0x00000110   Data   RW         4356    .data               myslave.o
    0x200009bc   0x00000001   Data   RW         4357    .data               myslave.o
    0x200009bd   0x00000003   PAD
    0x200009c0   0x00000110   Data   RW         4358    .data               myslave.o
    0x20000ad0   0x00000010   Data   RW         4360    .data               myslave.o
    0x20000ae0   0x00000010   Data   RW         4361    .data               myslave.o
    0x20000af0   0x00000010   Data   RW         4363    .data               myslave.o
    0x20000b00   0x00000010   Data   RW         4365    .data               myslave.o
    0x20000b10   0x00000010   Data   RW         4367    .data               myslave.o
    0x20000b20   0x00000001   Data   RW         4368    .data               myslave.o
    0x20000b21   0x00000003   PAD
    0x20000b24   0x00000040   Data   RW         4369    .data               myslave.o
    0x20000b64   0x00000001   Data   RW         4370    .data               myslave.o
    0x20000b65   0x00000003   PAD
    0x20000b68   0x00000070   Data   RW         4371    .data               myslave.o
    0x20000bd8   0x00000001   Data   RW         4374    .data               myslave.o
    0x20000bd9   0x00000003   PAD
    0x20000bdc   0x00000060   Data   RW         4375    .data               myslave.o
    0x20000c3c   0x00000001   Data   RW         4376    .data               myslave.o
    0x20000c3d   0x00000003   PAD
    0x20000c40   0x00000060   Data   RW         4377    .data               myslave.o
    0x20000ca0   0x00000001   Data   RW         4378    .data               myslave.o
    0x20000ca1   0x00000003   PAD
    0x20000ca4   0x00000060   Data   RW         4379    .data               myslave.o
    0x20000d04   0x00000001   Data   RW         4380    .data               myslave.o
    0x20000d05   0x00000003   PAD
    0x20000d08   0x00000060   Data   RW         4381    .data               myslave.o
    0x20000d68   0x00000001   Data   RW         4382    .data               myslave.o
    0x20000d69   0x00000003   PAD
    0x20000d6c   0x00000060   Data   RW         4383    .data               myslave.o
    0x20000dcc   0x00000001   Data   RW         4384    .data               myslave.o
    0x20000dcd   0x00000003   PAD
    0x20000dd0   0x000000b0   Data   RW         4385    .data               myslave.o
    0x20000e80   0x00000001   Data   RW         4386    .data               myslave.o
    0x20000e81   0x00000003   PAD
    0x20000e84   0x00000100   Data   RW         4387    .data               myslave.o
    0x20000f84   0x00000001   Data   RW         4388    .data               myslave.o
    0x20000f85   0x00000003   PAD
    0x20000f88   0x00000060   Data   RW         4389    .data               myslave.o
    0x20000fe8   0x00000001   Data   RW         4390    .data               myslave.o
    0x20000fe9   0x00000003   PAD
    0x20000fec   0x00000060   Data   RW         4391    .data               myslave.o
    0x2000104c   0x00000001   Data   RW         4392    .data               myslave.o
    0x2000104d   0x00000003   PAD
    0x20001050   0x00000060   Data   RW         4393    .data               myslave.o
    0x200010b0   0x00000001   Data   RW         4394    .data               myslave.o
    0x200010b1   0x00000003   PAD
    0x200010b4   0x00000060   Data   RW         4395    .data               myslave.o
    0x20001114   0x00000001   Data   RW         4396    .data               myslave.o
    0x20001115   0x00000003   PAD
    0x20001118   0x00000060   Data   RW         4397    .data               myslave.o
    0x20001178   0x00000001   Data   RW         4398    .data               myslave.o
    0x20001179   0x00000003   PAD
    0x2000117c   0x00000090   Data   RW         4399    .data               myslave.o
    0x2000120c   0x00000001   Data   RW         4400    .data               myslave.o
    0x2000120d   0x00000003   PAD
    0x20001210   0x00000060   Data   RW         4401    .data               myslave.o
    0x20001270   0x00000001   Data   RW         4402    .data               myslave.o
    0x20001271   0x00000003   PAD
    0x20001274   0x000002e0   Data   RW         4403    .data               myslave.o
    0x20001554   0x00000001   Data   RW         4404    .data               myslave.o
    0x20001555   0x00000003   PAD
    0x20001558   0x000000b0   Data   RW         4405    .data               myslave.o
    0x20001608   0x00000001   Data   RW         4406    .data               myslave.o
    0x20001609   0x00000003   PAD
    0x2000160c   0x00000070   Data   RW         4407    .data               myslave.o
    0x2000167c   0x00000001   Data   RW         4408    .data               myslave.o
    0x2000167d   0x00000003   PAD
    0x20001680   0x00000060   Data   RW         4409    .data               myslave.o
    0x200016e0   0x00000048   Data   RW         4410    .data               myslave.o
    0x20001728   0x00000240   Data   RW         4411    .data               myslave.o
    0x20001968   0x00000004   Data   RW         4413    .data               myslave.o
    0x2000196c   0x00000004   Data   RW         4414    .data               myslave.o
    0x20001970   0x00000004   Data   RW         4415    .data               myslave.o
    0x20001974   0x00000004   Data   RW         4416    .data               myslave.o
    0x20001978   0x00000004   Data   RW         4417    .data               myslave.o
    0x2000197c   0x00000002   Data   RW         4419    .data               myslave.o
    0x2000197e   0x00000002   PAD
    0x20001980   0x0000001c   Data   RW         4709    .data               gm_malloc.o
    0x2000199c   0x0000000c   Data   RW         6743    .data               stm32f4x7_eth.o
    0x200019a8   0x00000010   Data   RW         7720    .data               mem.o
    0x200019b8   0x00000004   Data   RW         9025    .data               mc_w.l(stdout.o)
    0x200019bc   0x00000024   Zero   RW          478    .bss                app_can.o
    0x200019e0   0x00000020   Zero   RW          479    .bss                app_can.o
    0x20001a00   0x00000028   Zero   RW          630    .bss                driver_can.o
    0x20001a28   0x00000048   Zero   RW          699    .bss                driver_timer.o
    0x20001a70   0x0000000a   Zero   RW          700    .bss                driver_timer.o
    0x20001a7a   0x00000002   PAD
    0x20001a7c   0x00000044   Zero   RW          738    .bss                driver_uart.o
    0x20001ac0   0x0000000c   Zero   RW          773    .bss                driver_wdog.o
    0x20001acc   0x000000f0   Zero   RW         4108    .bss                timer.o
    0x20001bbc   0x00000018   Zero   RW         4184    .bss                myslave.o
    0x20001bd4   0x00000010   Zero   RW         4185    .bss                myslave.o
    0x20001be4   0x00000014   Zero   RW         4186    .bss                myslave.o
    0x20001bf8   0x00000014   Zero   RW         4187    .bss                myslave.o
    0x20001c0c   0x00000038   Zero   RW         4188    .bss                myslave.o
    0x20001c44   0x00000038   Zero   RW         4189    .bss                myslave.o
    0x20001c7c   0x0000000c   Zero   RW         4190    .bss                myslave.o
    0x20001c88   0x00000018   Zero   RW         4191    .bss                myslave.o
    0x20001ca0   0x00000014   Zero   RW         4192    .bss                myslave.o
    0x20001cb4   0x00000014   Zero   RW         4193    .bss                myslave.o
    0x20001cc8   0x00000014   Zero   RW         4194    .bss                myslave.o
    0x20001cdc   0x00000014   Zero   RW         4195    .bss                myslave.o
    0x20001cf0   0x00000014   Zero   RW         4196    .bss                myslave.o
    0x20001d04   0x00000020   Zero   RW         4197    .bss                myslave.o
    0x20001d24   0x0000003c   Zero   RW         4198    .bss                myslave.o
    0x20001d60   0x00000014   Zero   RW         4199    .bss                myslave.o
    0x20001d74   0x00000014   Zero   RW         4200    .bss                myslave.o
    0x20001d88   0x00000014   Zero   RW         4201    .bss                myslave.o
    0x20001d9c   0x00000014   Zero   RW         4202    .bss                myslave.o
    0x20001db0   0x00000014   Zero   RW         4203    .bss                myslave.o
    0x20001dc4   0x00000020   Zero   RW         4204    .bss                myslave.o
    0x20001de4   0x00000014   Zero   RW         4205    .bss                myslave.o
    0x20001df8   0x000000b8   Zero   RW         4206    .bss                myslave.o
    0x20001eb0   0x00000028   Zero   RW         4207    .bss                myslave.o
    0x20001ed8   0x00000018   Zero   RW         4208    .bss                myslave.o
    0x20001ef0   0x00000014   Zero   RW         4209    .bss                myslave.o
    0x20001f04   0x0000001c   PAD
    0x20001f20   0x00028000   Zero   RW         4706    .bss                gm_malloc.o
    0x20029f20   0x00002800   Zero   RW         4707    .bss                gm_malloc.o
    0x2002c720   0x00000070   Zero   RW         7210    .bss                lwip_comm.o
    0x2002c790   0x00000038   Zero   RW         7762    .bss                memp.o
    0x2002c7c8   0x00000400   Zero   RW         3257    STACK               startup_stm32f429xx.o



  Load Region LR$$.ARM.__AT_0x10000000 (Base: 0x10000000, Size: 0x00000000, Max: 0x0000f000, ABSOLUTE)

    Execution Region ER$$.ARM.__AT_0x10000000 (Base: 0x10000000, Size: 0x0000f000, Max: 0x0000f000, ABSOLUTE, UNINIT)

    Base Addr    Size         Type   Attr      Idx    E Section Name        Object

    0x10000000   0x0000f000   Zero   RW         4704    .ARM.__AT_0x10000000  gm_malloc.o



  Load Region LR$$.ARM.__AT_0x1000F000 (Base: 0x1000f000, Size: 0x00000000, Max: 0x00000f00, ABSOLUTE)

    Execution Region ER$$.ARM.__AT_0x1000F000 (Base: 0x1000f000, Size: 0x00000f00, Max: 0x00000f00, ABSOLUTE, UNINIT)

    Base Addr    Size         Type   Attr      Idx    E Section Name        Object

    0x1000f000   0x00000f00   Zero   RW         4705    .ARM.__AT_0x1000F000  gm_malloc.o


==============================================================================

Image component sizes


      Code (inc. data)   RO Data    RW Data    ZI Data      Debug   Object Name

       106         10          0          9         68      10375   app_can.o
        76         14          0         20          0       2262   app_gpio.o
       164         26          0         24          0       2228   app_uart.o
         0          0          0          0          0       1716   asn1_dec.o
         0          0          0          0         40        286   driver_can.o
       234         30          0          0          0       1133   driver_gpio.o
       132         22          0         12         82       2388   driver_timer.o
       164         22          0          0         68       1644   driver_uart.o
         0          0          0          0         12        221   driver_wdog.o
       112          6          0          0          0       3000   emcy.o
         0          0          0          0          0        688   err.o
       120          4          0          0          0       3854   ethernetif.o
       126         18         24         28     239360       3799   gm_malloc.o
         0          0          0          0          0        756   init.o
       872         34          0          0          0      10812   lifegrd.o
        12          6          0          0        112       3691   lwip_comm.o
       458         28          0          0          0     778767   main.o
      1140        620          0         16          0       3679   mem.o
       372        270          0          0         56       2800   memp.o
         0          0          0          0          0       3824   mib_structs.o
       708         20        507       6232        840      26534   myslave.o
        72          0          0          0          0       1776   nmtmaster.o
       192          0          0          0          0       1506   nmtslave.o
       454         26          0          0          0       4012   objacces.o
      1204        578          0          0          0       3052   pbuf.o
      1890         12          0          0          0      12134   pdo.o
        88          8          0          0          0      37082   pds_socethernet.o
        44          4          0          0          0        541   pds_socethernet_irq.o
      6390         56          0          0          0      18527   sdo.o
        36          8        428          0       1024        812   startup_stm32f429xx.o
       880         24         64          0          0       7310   states.o
        84         14          0         16          0       2177   stm32_canfestival.o
        42          6          0         12          0       2498   stm32f4x7_eth.o
       146         24          0         12          0       9491   stm32f4xx_hal.o
      1042          0          0          0          0      11951   stm32f4xx_hal_can.o
       198         14          0          0          0      33575   stm32f4xx_hal_cortex.o
       178          0          0          0          0       2123   stm32f4xx_hal_dma.o
       600         58          0          0          0       2848   stm32f4xx_hal_gpio.o
       102          0          0          0          0       1871   stm32f4xx_hal_iwdg.o
      1348         76          0          0          0       5288   stm32f4xx_hal_rcc.o
       784         72          0          0          0       6893   stm32f4xx_hal_tim.o
         4          0          0          0          0       1625   stm32f4xx_hal_tim_ex.o
      1508         16          0          0          0       9989   stm32f4xx_hal_uart.o
       336         52          0          0          0      12479   stm32f4xx_it.o
       248          8          0          0          0       5416   sync.o
         0          0          0          0          0        632   sys_arch.o
        16          4         24          4          0       1367   system_stm32f4xx.o
       188         18          0          8        240       3163   timer.o

    ----------------------------------------------------------------------
     22922       2208       1086       6584     241932    1064595   Object Totals
         0          0         32          0          0          0   (incl. Generated)
        52          0          7        191         30          0   (incl. Padding)

    ----------------------------------------------------------------------

      Code (inc. data)   RO Data    RW Data    ZI Data      Debug   Library Member Name

        86          0          0          0          0          0   __dczerorl2.o
         0          0          0          0          0          0   entry.o
         0          0          0          0          0          0   entry10a.o
         0          0          0          0          0          0   entry11a.o
         8          4          0          0          0          0   entry2.o
         4          0          0          0          0          0   entry5.o
         0          0          0          0          0          0   entry7b.o
         0          0          0          0          0          0   entry8b.o
         8          4          0          0          0          0   entry9a.o
        18          0          0          0          0         80   fputc.o
        30          0          0          0          0          0   handlers.o
        36          8          0          0          0         68   init.o
         0          0          0          0          0          0   iusesemip.o
        30          0          0          0          0         68   llshl.o
        32          0          0          0          0         68   llushr.o
        26          0          0          0          0         80   memcmp.o
        36          0          0          0          0         68   memcpya.o
       472         14          0          0          0        184   printf3.o
         0          0          0          0          0          0   semi.o
         0          0          0          4          0          0   stdout.o
        44          0          0          0          0         80   uidiv.o
        98          0          0          0          0         92   uldiv.o

    ----------------------------------------------------------------------
       936         30          0          4          0        788   Library Totals
         8          0          0          0          0          0   (incl. Padding)

    ----------------------------------------------------------------------

      Code (inc. data)   RO Data    RW Data    ZI Data      Debug   Library Name

       928         30          0          4          0        788   mc_w.l

    ----------------------------------------------------------------------
       936         30          0          4          0        788   Library Totals

    ----------------------------------------------------------------------

==============================================================================


      Code (inc. data)   RO Data    RW Data    ZI Data      Debug   

     23858       2238       1086       6588     241932    1046203   Grand Totals
     23858       2238       1086       1540     241932    1046203   ELF Image Totals (compressed)
     23858       2238       1086       1540          0          0   ROM Totals

==============================================================================

    Total RO  Size (Code + RO Data)                24944 (  24.36kB)
    Total RW  Size (RW Data + ZI Data)            248520 ( 242.70kB)
    Total ROM Size (Code + RO Data + RW Data)      26484 (  25.86kB)

==============================================================================

