<html>
<body>
<pre>
<h1>µVision Build Log</h1>
<h2>Tool Versions:</h2>
IDE-Version: µVision V5.22.0.0
Copyright (C) 2016 ARM Ltd and ARM Germany GmbH. All rights reserved.
License Information: wy z004knen SH Flex license: MDK-ARM Professional: 1 user(s) (mdk_pro) Support: Mar 2024
 
Tool Versions:
Toolchain:       MDK-ARM Professional: 1 user(s)  Version: 5.22
Toolchain Path:  C:\Keil_v5\ARM\ARMCC\Bin
C Compiler:      Armcc.exe V5.06 update 4 (build 422)
Assembler:       Armasm.exe V5.06 update 4 (build 422)
Linker/Locator:  ArmLink.exe V5.06 update 4 (build 422)
Library Manager: ArmAr.exe V5.06 update 4 (build 422)
Hex Converter:   FromElf.exe V5.06 update 4 (build 422)
CPU DLL:         SARMCM3.DLL V5.22
Dialog DLL:      DCM.DLL V1.13.9.0
Target DLL:      STLink\ST-LINKIII-KEIL_SWO.dll V2.0.18.0
Dialog DLL:      TCM.DLL V1.21.0.0
 
<h2>Project:</h2>
D:\Project\ME Box\SourceCode\CT_V2.14_CANOpen\MDK-ARM\Project.uvprojx
Project File Date:  06/01/2023

<h2>Output:</h2>
*** Using Compiler 'V5.06 update 4 (build 422)', folder: 'C:\Keil_v5\ARM\ARMCC\Bin'
Rebuild target 'Test'
compiling App_UART.c...
compiling App_GPIO.c...
compiling Driver_gpio.c...
compiling Driver_timer.c...
compiling stm32f4xx_it.c...
compiling main.c...
compiling Driver_can.c...
compiling App_CAN.c...
compiling PDS_PeripheralKSZ8081.c...
compiling PDS_SocETHERNET_IRQ.c...
compiling PDS_SocTICK.c...
compiling stm32f4xx_hal.c...
compiling PDS_SocETHERNET.c...
compiling App_FMC.c...
compiling Driver_wdog.c...
compiling Driver_uart.c...
compiling stm32f4xx_hal_gpio.c...
compiling stm32f4xx_hal_cortex.c...
compiling stm32f4xx_hal_iwdg.c...
compiling stm32f4xx_hal_rtc.c...
compiling stm32f4xx_hal_rtc_ex.c...
compiling stm32f4xx_hal_can.c...
assembling startup_stm32f429xx.s...
compiling stm32f4xx_hal_tim_ex.c...
compiling dcf.c...
compiling stm32f4xx_hal_tim.c...
compiling stm32f4xx_hal_dma.c...
compiling stm32f4xx_hal_uart.c...
compiling system_stm32f4xx.c...
compiling stm32f4xx_hal_rcc.c...
compiling objacces.c...
compiling states.c...
compiling emcy.c...
compiling lifegrd.c...
compiling lss.c...
compiling nmtMaster.c...
compiling timer.c...
compiling MySlave.c...
compiling MyMaster.c...
compiling GM_Malloc.c...
compiling GM_Queue.c...
compiling asn1_dec.c...
compiling asn1_enc.c...
compiling mib_structs.c...
compiling msg_in.c...
compiling pdo.c...
compiling nmtSlave.c...
compiling sync.c...
compiling sys_arch.c...
compiling sdo.c...
compiling stm32_canfestival.c...
compiling api_lib.c...
compiling api_msg.c...
compiling err.c...
compiling netbuf.c...
compiling netdb.c...
compiling netifapi.c...
compiling sockets.c...
compiling tcpip.c...
compiling autoip.c...
compiling igmp.c...
compiling soc_f4_config.c...
compiling icmp.c...
compiling inet.c...
compiling inet_chksum.c...
compiling ip_addr.c...
compiling msg_out.c...
compiling ip.c...
compiling ip_frag.c...
compiling def.c...
compiling dhcp.c...
compiling dns.c...
compiling lwip_sys.c...
compiling mem.c...
compiling mib2.c...
compiling init.c...
compiling netif.c...
compiling memp.c...
compiling pbuf.c...
compiling stats.c...
compiling raw.c...
compiling tcp.c...
compiling tcp_in.c...
compiling udp.c...
compiling timers.c...
compiling stm32f4x7_eth.c...
compiling tcp_out.c...
compiling slipif.c...
compiling etharp.c...
compiling lwip_comm.c...
compiling ethernetif.c...
linking...
Program Size: Code=23858 RO-data=1086 RW-data=6588 ZI-data=241932  
FromELF: creating hex file...
"STM324x9I_EVAL\Test.axf" - 0 Error(s), 0 Warning(s).

<h2>Software Packages used:</h2>

Package Vendor: ARM
                http://www.keil.com/pack/ARM.CMSIS.5.0.0.pack
                ARM::CMSIS:CORE:5.0.0
                CMSIS (Cortex Microcontroller Software Interface Standard)
   * Component: CORE Version: 5.0.0

<h2>Collection of Component include folders:</h2>
  D:\Project\ME Box\SourceCode\CT_V2.14_CANOpen\MDK-ARM\RTE\_Test
  C:\Keil_v5\ARM\PACK\ARM\CMSIS\5.0.0\CMSIS\Include
  C:\Keil_v5\ARM\PACK\Keil\STM32F4xx_DFP\2.16.0\Drivers\CMSIS\Device\ST\STM32F4xx\Include

<h2>Collection of Component Files used:</h2>

   * Component: ARM::CMSIS:CORE:5.0.0
Build Time Elapsed:  00:01:14
</pre>
</body>
</html>
